ARM Linker, 5.03 [Build 76] [MDK-ARM Lite]

==============================================================================

Section Cross References

    buttons.o(i.ButtonsInit) refers to buttons.o(.data) for .data
    buttons.o(i.ButtonsPoll) refers to buttons.o(.data) for .data
    main.o(i.ConfigureUART) refers to uart.o(i.UARTClockSourceSet) for UARTClockSourceSet
    main.o(i.ConfigureUART) refers to uartstdio.o(i.UARTStdioConfig) for UARTStdioConfig
    main.o(i.main) refers to main.o(i.ConfigureUART) for ConfigureUART
    main.o(i.main) refers to uartstdio.o(i.UARTprintf) for UARTprintf
    main.o(i.main) refers to queue.o(i.xQueueCreateMutex) for xQueueCreateMutex
    main.o(i.main) refers to adc_task.o(i.ADCTaskInit) for ADCTaskInit
    main.o(i.main) refers to tasks.o(i.vTaskStartScheduler) for vTaskStartScheduler
    main.o(i.main) refers to main.o(.constdata) for .constdata
    main.o(i.main) refers to main.o(.data) for .data
    main.o(i.main) refers to main.o(i.Producer) for Producer
    heap_2.o(i.pvPortMalloc) refers to tasks.o(i.vTaskSuspendAll) for vTaskSuspendAll
    heap_2.o(i.pvPortMalloc) refers to tasks.o(i.xTaskResumeAll) for xTaskResumeAll
    heap_2.o(i.pvPortMalloc) refers to heap_2.o(.data) for .data
    heap_2.o(i.pvPortMalloc) refers to heap_2.o(.bss) for .bss
    heap_2.o(i.vPortFree) refers to tasks.o(i.vTaskSuspendAll) for vTaskSuspendAll
    heap_2.o(i.vPortFree) refers to tasks.o(i.xTaskResumeAll) for xTaskResumeAll
    heap_2.o(i.vPortFree) refers to heap_2.o(.data) for .data
    heap_2.o(i.xPortGetFreeHeapSize) refers to heap_2.o(.data) for .data
    led_task.o(i.LEDTask) refers to tasks.o(i.xTaskGetTickCount) for xTaskGetTickCount
    led_task.o(i.LEDTask) refers to queue.o(i.xQueueGenericReceive) for xQueueGenericReceive
    led_task.o(i.LEDTask) refers to rgb.o(i.RGBColorSet) for RGBColorSet
    led_task.o(i.LEDTask) refers to uartstdio.o(i.UARTprintf) for UARTprintf
    led_task.o(i.LEDTask) refers to queue.o(i.xQueueGenericSend) for xQueueGenericSend
    led_task.o(i.LEDTask) refers to rgb.o(i.RGBEnable) for RGBEnable
    led_task.o(i.LEDTask) refers to tasks.o(i.vTaskDelayUntil) for vTaskDelayUntil
    led_task.o(i.LEDTask) refers to rgb.o(i.RGBDisable) for RGBDisable
    led_task.o(i.LEDTask) refers to led_task.o(.data) for .data
    led_task.o(i.LEDTask) refers to led_task.o(.bss) for .bss
    led_task.o(i.LEDTask) refers to main.o(.data) for g_pUARTSemaphore
    led_task.o(i.LEDTaskInit) refers to rgb.o(i.RGBInit) for RGBInit
    led_task.o(i.LEDTaskInit) refers to rgb.o(i.RGBIntensitySet) for RGBIntensitySet
    led_task.o(i.LEDTaskInit) refers to rgb.o(i.RGBColorSet) for RGBColorSet
    led_task.o(i.LEDTaskInit) refers to uartstdio.o(i.UARTprintf) for UARTprintf
    led_task.o(i.LEDTaskInit) refers to queue.o(i.xQueueGenericCreate) for xQueueGenericCreate
    led_task.o(i.LEDTaskInit) refers to tasks.o(i.xTaskGenericCreate) for xTaskGenericCreate
    led_task.o(i.LEDTaskInit) refers to led_task.o(.data) for .data
    led_task.o(i.LEDTaskInit) refers to led_task.o(.bss) for .bss
    led_task.o(i.LEDTaskInit) refers to led_task.o(i.LEDTask) for LEDTask
    port.o(.emb_text) refers to tasks.o(i.vTaskSwitchContext) for vTaskSwitchContext
    port.o(.emb_text) refers to tasks.o(.data) for pxCurrentTCB
    port.o(i.pxPortInitialiseStack) refers to port.o(i.prvTaskExitError) for prvTaskExitError
    port.o(i.vPortEnterCritical) refers to port.o(.data) for .data
    port.o(i.vPortExitCritical) refers to port.o(.data) for .data
    port.o(i.xPortStartScheduler) refers to port.o(i.vPortSetupTimerInterrupt) for vPortSetupTimerInterrupt
    port.o(i.xPortStartScheduler) refers to port.o(.emb_text) for __asm___6_port_c_39a90d8d__prvEnableVFP
    port.o(i.xPortStartScheduler) refers to port.o(.data) for .data
    port.o(i.xPortSysTickHandler) refers to tasks.o(i.xTaskIncrementTick) for xTaskIncrementTick
    queue.o(i.prvCopyDataFromQueue) refers to memcpya.o(.text) for __aeabi_memcpy
    queue.o(i.prvCopyDataToQueue) refers to memcpya.o(.text) for __aeabi_memcpy
    queue.o(i.prvCopyDataToQueue) refers to tasks.o(i.xTaskPriorityDisinherit) for xTaskPriorityDisinherit
    queue.o(i.prvUnlockQueue) refers to port.o(i.vPortEnterCritical) for vPortEnterCritical
    queue.o(i.prvUnlockQueue) refers to tasks.o(i.xTaskRemoveFromEventList) for xTaskRemoveFromEventList
    queue.o(i.prvUnlockQueue) refers to tasks.o(i.vTaskMissedYield) for vTaskMissedYield
    queue.o(i.prvUnlockQueue) refers to port.o(i.vPortExitCritical) for vPortExitCritical
    queue.o(i.uxQueueMessagesWaiting) refers to port.o(i.vPortEnterCritical) for vPortEnterCritical
    queue.o(i.uxQueueMessagesWaiting) refers to port.o(i.vPortExitCritical) for vPortExitCritical
    queue.o(i.uxQueueSpacesAvailable) refers to port.o(i.vPortEnterCritical) for vPortEnterCritical
    queue.o(i.uxQueueSpacesAvailable) refers to port.o(i.vPortExitCritical) for vPortExitCritical
[...]
    tasks.o(i.uxTaskGetStackHighWaterMark) refers to tasks.o(.data) for .data
    tasks.o(i.uxTaskGetSystemState) refers to tasks.o(i.vTaskSuspendAll) for vTaskSuspendAll
    tasks.o(i.uxTaskGetSystemState) refers to tasks.o(i.prvListTaskWithinSingleList) for prvListTaskWithinSingleList
    tasks.o(i.uxTaskGetSystemState) refers to tasks.o(i.xTaskResumeAll) for xTaskResumeAll
    tasks.o(i.uxTaskGetSystemState) refers to tasks.o(.data) for .data
    tasks.o(i.uxTaskGetSystemState) refers to tasks.o(.bss) for .bss
    tasks.o(i.uxTaskPriorityGet) refers to port.o(i.vPortEnterCritical) for vPortEnterCritical
    tasks.o(i.uxTaskPriorityGet) refers to port.o(i.vPortExitCritical) for vPortExitCritical
    tasks.o(i.uxTaskPriorityGet) refers to tasks.o(.data) for .data
    tasks.o(i.uxTaskPriorityGetFromISR) refers to tasks.o(.data) for .data
    tasks.o(i.uxTaskResetEventItemValue) refers to tasks.o(.data) for .data
    tasks.o(i.vTaskDelay) refers to tasks.o(i.vTaskSuspendAll) for vTaskSuspendAll
    tasks.o(i.vTaskDelay) refers to list.o(i.uxListRemove) for uxListRemove
    tasks.o(i.vTaskDelay) refers to tasks.o(i.prvAddCurrentTaskToDelayedList) for prvAddCurrentTaskToDelayedList
    tasks.o(i.vTaskDelay) refers to tasks.o(i.xTaskResumeAll) for xTaskResumeAll
    tasks.o(i.vTaskDelay) refers to tasks.o(.data) for .data
    tasks.o(i.vTaskDelayUntil) refers to tasks.o(i.vTaskSuspendAll) for vTaskSuspendAll
    tasks.o(i.vTaskDelayUntil) refers to list.o(i.uxListRemove) for uxListRemove
    tasks.o(i.vTaskDelayUntil) refers to tasks.o(i.prvAddCurrentTaskToDelayedList) for prvAddCurrentTaskToDelayedList
    tasks.o(i.vTaskDelayUntil) refers to tasks.o(i.xTaskResumeAll) for xTaskResumeAll
    tasks.o(i.vTaskDelayUntil) refers to tasks.o(.data) for .data
    tasks.o(i.vTaskDelete) refers to port.o(i.vPortEnterCritical) for vPortEnterCritical
    tasks.o(i.vTaskDelete) refers to list.o(i.uxListRemove) for uxListRemove
    tasks.o(i.vTaskDelete) refers to list.o(i.vListInsertEnd) for vListInsertEnd
    tasks.o(i.vTaskDelete) refers to port.o(i.vPortExitCritical) for vPortExitCritical
    tasks.o(i.vTaskDelete) refers to tasks.o(i.prvResetNextTaskUnblockTime) for prvResetNextTaskUnblockTime
    tasks.o(i.vTaskDelete) refers to tasks.o(.data) for .data
    tasks.o(i.vTaskDelete) refers to tasks.o(.bss) for .bss
    tasks.o(i.vTaskEndScheduler) refers to port.o(i.vPortEndScheduler) for vPortEndScheduler
    tasks.o(i.vTaskEndScheduler) refers to tasks.o(.data) for .data
    tasks.o(i.vTaskMissedYield) refers to tasks.o(.data) for .data
    tasks.o(i.vTaskNotifyGiveFromISR) refers to list.o(i.vListInsertEnd) for vListInsertEnd
    tasks.o(i.vTaskNotifyGiveFromISR) refers to list.o(i.uxListRemove) for uxListRemove
    tasks.o(i.vTaskNotifyGiveFromISR) refers to tasks.o(.data) for .data
    tasks.o(i.vTaskNotifyGiveFromISR) refers to tasks.o(.bss) for .bss
    tasks.o(i.vTaskPlaceOnEventList) refers to list.o(i.vListInsert) for vListInsert
    tasks.o(i.vTaskPlaceOnEventList) refers to list.o(i.uxListRemove) for uxListRemove
    tasks.o(i.vTaskPlaceOnEventList) refers to tasks.o(i.prvAddCurrentTaskToDelayedList) for prvAddCurrentTaskToDelayedList
    tasks.o(i.vTaskPlaceOnEventList) refers to list.o(i.vListInsertEnd) for vListInsertEnd
    tasks.o(i.vTaskPlaceOnEventList) refers to tasks.o(.data) for .data
    tasks.o(i.vTaskPlaceOnEventList) refers to tasks.o(.bss) for .bss
    tasks.o(i.vTaskPlaceOnUnorderedEventList) refers to list.o(i.vListInsertEnd) for vListInsertEnd
    tasks.o(i.vTaskPlaceOnUnorderedEventList) refers to list.o(i.uxListRemove) for uxListRemove
    tasks.o(i.vTaskPlaceOnUnorderedEventList) refers to tasks.o(i.prvAddCurrentTaskToDelayedList) for prvAddCurrentTaskToDelayedList
    tasks.o(i.vTaskPlaceOnUnorderedEventList) refers to tasks.o(.data) for .data
    tasks.o(i.vTaskPlaceOnUnorderedEventList) refers to tasks.o(.bss) for .bss
    tasks.o(i.vTaskPriorityInherit) refers to list.o(i.uxListRemove) for uxListRemove
    tasks.o(i.vTaskPriorityInherit) refers to list.o(i.vListInsertEnd) for vListInsertEnd
    tasks.o(i.vTaskPriorityInherit) refers to tasks.o(.data) for .data
    tasks.o(i.vTaskPriorityInherit) refers to tasks.o(.bss) for .bss
    tasks.o(i.vTaskPrioritySet) refers to port.o(i.vPortEnterCritical) for vPortEnterCritical
    tasks.o(i.vTaskPrioritySet) refers to list.o(i.uxListRemove) for uxListRemove
    tasks.o(i.vTaskPrioritySet) refers to list.o(i.vListInsertEnd) for vListInsertEnd
    tasks.o(i.vTaskPrioritySet) refers to port.o(i.vPortExitCritical) for vPortExitCritical
    tasks.o(i.vTaskPrioritySet) refers to tasks.o(.data) for .data
    tasks.o(i.vTaskPrioritySet) refers to tasks.o(.bss) for .bss
    tasks.o(i.vTaskResume) refers to port.o(i.vPortEnterCritical) for vPortEnterCritical
    tasks.o(i.vTaskResume) refers to tasks.o(i.prvTaskIsTaskSuspended) for prvTaskIsTaskSuspended
    tasks.o(i.vTaskResume) refers to list.o(i.uxListRemove) for uxListRemove
    tasks.o(i.vTaskResume) refers to list.o(i.vListInsertEnd) for vListInsertEnd
    tasks.o(i.vTaskResume) refers to port.o(i.vPortExitCritical) for vPortExitCritical
    tasks.o(i.vTaskResume) refers to tasks.o(.data) for .data
    tasks.o(i.vTaskResume) refers to tasks.o(.bss) for .bss
    tasks.o(i.vTaskSetTimeOutState) refers to tasks.o(.data) for .data
    tasks.o(i.vTaskStartScheduler) refers to tasks.o(i.xTaskGenericCreate) for xTaskGenericCreate
    tasks.o(i.vTaskStartScheduler) refers to port.o(i.xPortStartScheduler) for xPortStartScheduler
    tasks.o(i.vTaskStartScheduler) refers to tasks.o(i.prvIdleTask) for prvIdleTask
    tasks.o(i.vTaskStartScheduler) refers to tasks.o(.data) for .data
    tasks.o(i.vTaskSuspend) refers to port.o(i.vPortEnterCritical) for vPortEnterCritical
    tasks.o(i.vTaskSuspend) refers to list.o(i.uxListRemove) for uxListRemove
    tasks.o(i.vTaskSuspend) refers to list.o(i.vListInsertEnd) for vListInsertEnd
    tasks.o(i.vTaskSuspend) refers to port.o(i.vPortExitCritical) for vPortExitCritical
    tasks.o(i.vTaskSuspend) refers to tasks.o(i.vTaskSwitchContext) for vTaskSwitchContext
    tasks.o(i.vTaskSuspend) refers to tasks.o(i.prvResetNextTaskUnblockTime) for prvResetNextTaskUnblockTime
    tasks.o(i.vTaskSuspend) refers to tasks.o(.data) for .data
    tasks.o(i.vTaskSuspend) refers to tasks.o(.bss) for .bss
    tasks.o(i.vTaskSuspendAll) refers to tasks.o(.data) for .data
    tasks.o(i.vTaskSwitchContext) refers to main.o(i.vApplicationStackOverflowHook) for vApplicationStackOverflowHook
    tasks.o(i.vTaskSwitchContext) refers to tasks.o(.data) for .data
    tasks.o(i.vTaskSwitchContext) refers to tasks.o(.bss) for .bss
    tasks.o(i.xTaskCheckForTimeOut) refers to port.o(i.vPortEnterCritical) for vPortEnterCritical
    tasks.o(i.xTaskCheckForTimeOut) refers to tasks.o(i.vTaskSetTimeOutState) for vTaskSetTimeOutState
    tasks.o(i.xTaskCheckForTimeOut) refers to port.o(i.vPortExitCritical) for vPortExitCritical
    tasks.o(i.xTaskCheckForTimeOut) refers to tasks.o(.data) for .data
    tasks.o(i.xTaskGenericCreate) refers to heap_2.o(i.pvPortMalloc) for pvPortMalloc
    tasks.o(i.xTaskGenericCreate) refers to memseta.o(.text) for __aeabi_memset
    tasks.o(i.xTaskGenericCreate) refers to heap_2.o(i.vPortFree) for vPortFree
    tasks.o(i.xTaskGenericCreate) refers to list.o(i.vListInitialiseItem) for vListInitialiseItem
    tasks.o(i.xTaskGenericCreate) refers to port.o(i.pxPortInitialiseStack) for pxPortInitialiseStack
    tasks.o(i.xTaskGenericCreate) refers to port.o(i.vPortEnterCritical) for vPortEnterCritical
    tasks.o(i.xTaskGenericCreate) refers to list.o(i.vListInitialise) for vListInitialise
    tasks.o(i.xTaskGenericCreate) refers to list.o(i.vListInsertEnd) for vListInsertEnd
    tasks.o(i.xTaskGenericCreate) refers to port.o(i.vPortExitCritical) for vPortExitCritical
    tasks.o(i.xTaskGenericCreate) refers to tasks.o(.data) for .data
    tasks.o(i.xTaskGenericCreate) refers to tasks.o(.bss) for .bss
    tasks.o(i.xTaskGenericNotify) refers to port.o(i.vPortEnterCritical) for vPortEnterCritical
    tasks.o(i.xTaskGenericNotify) refers to list.o(i.uxListRemove) for uxListRemove
    tasks.o(i.xTaskGenericNotify) refers to list.o(i.vListInsertEnd) for vListInsertEnd
    tasks.o(i.xTaskGenericNotify) refers to port.o(i.vPortExitCritical) for vPortExitCritical
    tasks.o(i.xTaskGenericNotify) refers to tasks.o(.data) for .data
    tasks.o(i.xTaskGenericNotify) refers to tasks.o(.bss) for .bss
    tasks.o(i.xTaskGenericNotifyFromISR) refers to list.o(i.vListInsertEnd) for vListInsertEnd
    tasks.o(i.xTaskGenericNotifyFromISR) refers to list.o(i.uxListRemove) for uxListRemove
    tasks.o(i.xTaskGenericNotifyFromISR) refers to tasks.o(.data) for .data
    tasks.o(i.xTaskGenericNotifyFromISR) refers to tasks.o(.bss) for .bss
    tasks.o(i.xTaskGetCurrentTaskHandle) refers to tasks.o(.data) for .data
    tasks.o(i.xTaskGetTickCount) refers to tasks.o(.data) for .data
    tasks.o(i.xTaskGetTickCountFromISR) refers to tasks.o(.data) for .data
    tasks.o(i.xTaskIncrementTick) refers to tasks.o(i.prvResetNextTaskUnblockTime) for prvResetNextTaskUnblockTime
    tasks.o(i.xTaskIncrementTick) refers to list.o(i.uxListRemove) for uxListRemove
    tasks.o(i.xTaskIncrementTick) refers to list.o(i.vListInsertEnd) for vListInsertEnd
    tasks.o(i.xTaskIncrementTick) refers to tasks.o(.data) for .data
    tasks.o(i.xTaskIncrementTick) refers to tasks.o(.bss) for .bss
    tasks.o(i.xTaskNotifyStateClear) refers to port.o(i.vPortEnterCritical) for vPortEnterCritical
    tasks.o(i.xTaskNotifyStateClear) refers to port.o(i.vPortExitCritical) for vPortExitCritical
    tasks.o(i.xTaskNotifyStateClear) refers to tasks.o(.data) for .data
    tasks.o(i.xTaskNotifyWait) refers to port.o(i.vPortEnterCritical) for vPortEnterCritical
    tasks.o(i.xTaskNotifyWait) refers to list.o(i.uxListRemove) for uxListRemove
    tasks.o(i.xTaskNotifyWait) refers to tasks.o(i.prvAddCurrentTaskToDelayedList) for prvAddCurrentTaskToDelayedList
    tasks.o(i.xTaskNotifyWait) refers to port.o(i.vPortExitCritical) for vPortExitCritical
    tasks.o(i.xTaskNotifyWait) refers to list.o(i.vListInsertEnd) for vListInsertEnd
    tasks.o(i.xTaskNotifyWait) refers to tasks.o(.data) for .data
    tasks.o(i.xTaskNotifyWait) refers to tasks.o(.bss) for .bss
    tasks.o(i.xTaskPriorityDisinherit) refers to list.o(i.uxListRemove) for uxListRemove
    tasks.o(i.xTaskPriorityDisinherit) refers to list.o(i.vListInsertEnd) for vListInsertEnd
    tasks.o(i.xTaskPriorityDisinherit) refers to tasks.o(.bss) for .bss
    tasks.o(i.xTaskPriorityDisinherit) refers to tasks.o(.data) for .data
    tasks.o(i.xTaskRemoveFromEventList) refers to list.o(i.uxListRemove) for uxListRemove
    tasks.o(i.xTaskRemoveFromEventList) refers to list.o(i.vListInsertEnd) for vListInsertEnd
    tasks.o(i.xTaskRemoveFromEventList) refers to tasks.o(.data) for .data
    tasks.o(i.xTaskRemoveFromEventList) refers to tasks.o(.bss) for .bss
    tasks.o(i.xTaskRemoveFromUnorderedEventList) refers to list.o(i.uxListRemove) for uxListRemove
    tasks.o(i.xTaskRemoveFromUnorderedEventList) refers to list.o(i.vListInsertEnd) for vListInsertEnd
    tasks.o(i.xTaskRemoveFromUnorderedEventList) refers to tasks.o(.data) for .data
    tasks.o(i.xTaskRemoveFromUnorderedEventList) refers to tasks.o(.bss) for .bss
    tasks.o(i.xTaskResumeAll) refers to port.o(i.vPortEnterCritical) for vPortEnterCritical
    tasks.o(i.xTaskResumeAll) refers to list.o(i.uxListRemove) for uxListRemove
    tasks.o(i.xTaskResumeAll) refers to list.o(i.vListInsertEnd) for vListInsertEnd
    tasks.o(i.xTaskResumeAll) refers to tasks.o(i.xTaskIncrementTick) for xTaskIncrementTick
    tasks.o(i.xTaskResumeAll) refers to port.o(i.vPortExitCritical) for vPortExitCritical
    tasks.o(i.xTaskResumeAll) refers to tasks.o(.data) for .data
    tasks.o(i.xTaskResumeAll) refers to tasks.o(.bss) for .bss
    tasks.o(i.xTaskResumeFromISR) refers to tasks.o(i.prvTaskIsTaskSuspended) for prvTaskIsTaskSuspended
    tasks.o(i.xTaskResumeFromISR) refers to list.o(i.uxListRemove) for uxListRemove
    tasks.o(i.xTaskResumeFromISR) refers to list.o(i.vListInsertEnd) for vListInsertEnd
    tasks.o(i.xTaskResumeFromISR) refers to tasks.o(.data) for .data
    tasks.o(i.xTaskResumeFromISR) refers to tasks.o(.bss) for .bss
    uartstdio.o(i.UARTStdioConfig) refers to uartstdio.o(.constdata) for .constdata
    uartstdio.o(i.UARTStdioConfig) refers to uartstdio.o(.data) for .data
    uartstdio.o(i.UARTgetc) refers to uartstdio.o(.data) for .data
    uartstdio.o(i.UARTgets) refers to uartstdio.o(i.UARTwrite) for UARTwrite
    uartstdio.o(i.UARTgets) refers to uartstdio.o(.data) for .data
    uartstdio.o(i.UARTprintf) refers to uartstdio.o(i.UARTvprintf) for UARTvprintf
    uartstdio.o(i.UARTvprintf) refers to uartstdio.o(i.UARTwrite) for UARTwrite
    uartstdio.o(i.UARTvprintf) refers to uartstdio.o(.constdata) for .constdata
    uartstdio.o(i.UARTwrite) refers to uartstdio.o(.data) for .data
    uartstdio.o(.constdata) refers to uartstdio.o(.conststring) for .conststring
    ustdlib.o(i.ulocaltime) refers to ustdlib.o(.constdata) for .constdata
    ustdlib.o(i.umktime) refers to ustdlib.o(i.ulocaltime) for ulocaltime
    ustdlib.o(i.umktime) refers to ustdlib.o(i.ucmptime) for ucmptime
    ustdlib.o(i.urand) refers to ustdlib.o(.data) for .data
    ustdlib.o(i.usnprintf) refers to ustdlib.o(i.uvsnprintf) for uvsnprintf
    ustdlib.o(i.usprintf) refers to ustdlib.o(i.uvsnprintf) for uvsnprintf
    ustdlib.o(i.usrand) refers to ustdlib.o(.data) for .data
    ustdlib.o(i.ustrcasecmp) refers to ustdlib.o(i.ustrncasecmp) for ustrncasecmp
    ustdlib.o(i.ustrcmp) refers to ustdlib.o(i.ustrncmp) for ustrncmp
    ustdlib.o(i.ustrstr) refers to ustdlib.o(i.ustrlen) for ustrlen
    ustdlib.o(i.ustrstr) refers to ustdlib.o(i.ustrncmp) for ustrncmp
    ustdlib.o(i.ustrtof) refers to ustdlib.o(.constdata) for .constdata
    ustdlib.o(i.uvsnprintf) refers to ustdlib.o(i.ustrncpy) for ustrncpy
    ustdlib.o(i.uvsnprintf) refers to ustdlib.o(.constdata) for .constdata
    ustdlib.o(.constdata) refers to ustdlib.o(.conststring) for .conststring
    adc_task.o(i.ADC0Seq2_Handler) refers to adc.o(i.ADCIntClear) for ADCIntClear
    adc_task.o(i.ADC0Seq2_Handler) refers to adc.o(i.ADCSequenceDataGet) for ADCSequenceDataGet
    adc_task.o(i.ADC0Seq2_Handler) refers to adc_task.o(.bss) for .bss
    adc_task.o(i.ADCTask) refers to tasks.o(i.xTaskGetTickCount) for xTaskGetTickCount
    adc_task.o(i.ADCTask) refers to queue.o(i.xQueueGenericReceive) for xQueueGenericReceive
    adc_task.o(i.ADCTask) refers to uartstdio.o(i.UARTprintf) for UARTprintf
    adc_task.o(i.ADCTask) refers to queue.o(i.xQueueGenericSend) for xQueueGenericSend
    adc_task.o(i.ADCTask) refers to tasks.o(i.vTaskDelayUntil) for vTaskDelayUntil
    adc_task.o(i.ADCTask) refers to main.o(.data) for g_pUARTSemaphore
    adc_task.o(i.ADCTask) refers to adc_task.o(.bss) for .bss
    adc_task.o(i.ADCTask) refers to adc_task.o(.constdata) for .constdata
    adc_task.o(i.ADCTaskInit) refers to uartstdio.o(i.UARTprintf) for UARTprintf
    adc_task.o(i.ADCTaskInit) refers to sysctl.o(i.SysCtlPeripheralEnable) for SysCtlPeripheralEnable
    adc_task.o(i.ADCTaskInit) refers to gpio.o(i.GPIOPinTypeADC) for GPIOPinTypeADC
    adc_task.o(i.ADCTaskInit) refers to timer.o(i.TimerDisable) for TimerDisable
    adc_task.o(i.ADCTaskInit) refers to timer.o(i.TimerControlTrigger) for TimerControlTrigger
    adc_task.o(i.ADCTaskInit) refers to timer.o(i.TimerConfigure) for TimerConfigure
    adc_task.o(i.ADCTaskInit) refers to sysctl.o(i.SysCtlClockGet) for SysCtlClockGet
    adc_task.o(i.ADCTaskInit) refers to timer.o(i.TimerLoadSet) for TimerLoadSet
    adc_task.o(i.ADCTaskInit) refers to timer.o(i.TimerIntDisable) for TimerIntDisable
    adc_task.o(i.ADCTaskInit) refers to timer.o(i.TimerEnable) for TimerEnable
    adc_task.o(i.ADCTaskInit) refers to adc.o(i.ADCClockConfigSet) for ADCClockConfigSet
    adc_task.o(i.ADCTaskInit) refers to adc.o(i.ADCSequenceDisable) for ADCSequenceDisable
    adc_task.o(i.ADCTaskInit) refers to adc.o(i.ADCSequenceConfigure) for ADCSequenceConfigure
    adc_task.o(i.ADCTaskInit) refers to adc.o(i.ADCSequenceStepConfigure) for ADCSequenceStepConfigure
    adc_task.o(i.ADCTaskInit) refers to adc.o(i.ADCSequenceEnable) for ADCSequenceEnable
    adc_task.o(i.ADCTaskInit) refers to adc.o(i.ADCIntEnable) for ADCIntEnable
    adc_task.o(i.ADCTaskInit) refers to adc.o(i.ADCIntRegister) for ADCIntRegister
    adc_task.o(i.ADCTaskInit) refers to interrupt.o(i.IntPrioritySet) for IntPrioritySet
    adc_task.o(i.ADCTaskInit) refers to interrupt.o(i.IntEnable) for IntEnable
    adc_task.o(i.ADCTaskInit) refers to adc.o(i.ADCIntClear) for ADCIntClear
    adc_task.o(i.ADCTaskInit) refers to tasks.o(i.xTaskGenericCreate) for xTaskGenericCreate
    adc_task.o(i.ADCTaskInit) refers to adc_task.o(.data) for .data
    adc_task.o(i.ADCTaskInit) refers to adc_task.o(i.ADC0Seq2_Handler) for ADC0Seq2_Handler
    adc_task.o(i.ADCTaskInit) refers to adc_task.o(i.ADCTask) for ADCTask
    adc.o(i.ADCIntRegister) refers to interrupt.o(i.IntRegister) for IntRegister
    adc.o(i.ADCIntRegister) refers to interrupt.o(i.IntEnable) for IntEnable
    adc.o(i.ADCIntUnregister) refers to interrupt.o(i.IntDisable) for IntDisable
    adc.o(i.ADCIntUnregister) refers to interrupt.o(i.IntUnregister) for IntUnregister
    adc.o(i.ADCSoftwareOversampleConfigure) refers to adc.o(.data) for .data
    adc.o(i.ADCSoftwareOversampleDataGet) refers to adc.o(.data) for .data
    adc.o(i.ADCSoftwareOversampleStepConfigure) refers to adc.o(.data) for .data
    gpio.o(i.GPIOIntRegister) refers to gpio.o(i._GPIOIntNumberGet) for _GPIOIntNumberGet
    gpio.o(i.GPIOIntRegister) refers to interrupt.o(i.IntRegister) for IntRegister
    gpio.o(i.GPIOIntRegister) refers to interrupt.o(i.IntEnable) for IntEnable
    gpio.o(i.GPIOIntRegisterPin) refers to gpio.o(i._GPIOIntNumberGet) for _GPIOIntNumberGet
    gpio.o(i.GPIOIntRegisterPin) refers to interrupt.o(i.IntRegister) for IntRegister
    gpio.o(i.GPIOIntRegisterPin) refers to interrupt.o(i.IntEnable) for IntEnable
    gpio.o(i.GPIOIntUnregister) refers to gpio.o(i._GPIOIntNumberGet) for _GPIOIntNumberGet
    gpio.o(i.GPIOIntUnregister) refers to interrupt.o(i.IntDisable) for IntDisable
    gpio.o(i.GPIOIntUnregister) refers to interrupt.o(i.IntUnregister) for IntUnregister
    gpio.o(i.GPIOIntUnregisterPin) refers to gpio.o(i._GPIOIntNumberGet) for _GPIOIntNumberGet
    gpio.o(i.GPIOIntUnregisterPin) refers to interrupt.o(i.IntDisable) for IntDisable
    gpio.o(i.GPIOIntUnregisterPin) refers to interrupt.o(i.IntUnregister) for IntUnregister
    gpio.o(i.GPIOPinConfigure) refers to gpio.o(.constdata) for .constdata
    gpio.o(i.GPIOPinTypeADC) refers to gpio.o(i.GPIODirModeSet) for GPIODirModeSet
    gpio.o(i.GPIOPinTypeADC) refers to gpio.o(i.GPIOPadConfigSet) for GPIOPadConfigSet
    gpio.o(i.GPIOPinTypeCAN) refers to gpio.o(i.GPIODirModeSet) for GPIODirModeSet
    gpio.o(i.GPIOPinTypeCAN) refers to gpio.o(i.GPIOPadConfigSet) for GPIOPadConfigSet
    gpio.o(i.GPIOPinTypeComparator) refers to gpio.o(i.GPIODirModeSet) for GPIODirModeSet
    gpio.o(i.GPIOPinTypeComparator) refers to gpio.o(i.GPIOPadConfigSet) for GPIOPadConfigSet
    gpio.o(i.GPIOPinTypeComparatorOutput) refers to gpio.o(i.GPIODirModeSet) for GPIODirModeSet
    gpio.o(i.GPIOPinTypeComparatorOutput) refers to gpio.o(i.GPIOPadConfigSet) for GPIOPadConfigSet
    gpio.o(i.GPIOPinTypeDIVSCLK) refers to gpio.o(i.GPIODirModeSet) for GPIODirModeSet
    gpio.o(i.GPIOPinTypeDIVSCLK) refers to gpio.o(i.GPIOPadConfigSet) for GPIOPadConfigSet
    gpio.o(i.GPIOPinTypeEPI) refers to gpio.o(i.GPIODirModeSet) for GPIODirModeSet
    gpio.o(i.GPIOPinTypeEPI) refers to gpio.o(i.GPIOPadConfigSet) for GPIOPadConfigSet
    gpio.o(i.GPIOPinTypeEthernetLED) refers to gpio.o(i.GPIODirModeSet) for GPIODirModeSet
    gpio.o(i.GPIOPinTypeEthernetLED) refers to gpio.o(i.GPIOPadConfigSet) for GPIOPadConfigSet
    gpio.o(i.GPIOPinTypeEthernetMII) refers to gpio.o(i.GPIODirModeSet) for GPIODirModeSet
    gpio.o(i.GPIOPinTypeEthernetMII) refers to gpio.o(i.GPIOPadConfigSet) for GPIOPadConfigSet
    gpio.o(i.GPIOPinTypeGPIOInput) refers to gpio.o(i.GPIODirModeSet) for GPIODirModeSet
    gpio.o(i.GPIOPinTypeGPIOInput) refers to gpio.o(i.GPIOPadConfigSet) for GPIOPadConfigSet
    gpio.o(i.GPIOPinTypeGPIOOutput) refers to gpio.o(i.GPIOPadConfigSet) for GPIOPadConfigSet
    gpio.o(i.GPIOPinTypeGPIOOutput) refers to gpio.o(i.GPIODirModeSet) for GPIODirModeSet
    gpio.o(i.GPIOPinTypeGPIOOutputOD) refers to gpio.o(i.GPIOPadConfigSet) for GPIOPadConfigSet
    gpio.o(i.GPIOPinTypeGPIOOutputOD) refers to gpio.o(i.GPIODirModeSet) for GPIODirModeSet
    gpio.o(i.GPIOPinTypeHibernateRTCCLK) refers to gpio.o(i.GPIODirModeSet) for GPIODirModeSet
    gpio.o(i.GPIOPinTypeHibernateRTCCLK) refers to gpio.o(i.GPIOPadConfigSet) for GPIOPadConfigSet
    gpio.o(i.GPIOPinTypeI2C) refers to gpio.o(i.GPIODirModeSet) for GPIODirModeSet
    gpio.o(i.GPIOPinTypeI2C) refers to gpio.o(i.GPIOPadConfigSet) for GPIOPadConfigSet
    gpio.o(i.GPIOPinTypeI2CSCL) refers to gpio.o(i.GPIODirModeSet) for GPIODirModeSet
    gpio.o(i.GPIOPinTypeI2CSCL) refers to gpio.o(i.GPIOPadConfigSet) for GPIOPadConfigSet
    gpio.o(i.GPIOPinTypeLCD) refers to gpio.o(i.GPIODirModeSet) for GPIODirModeSet
    gpio.o(i.GPIOPinTypeLCD) refers to gpio.o(i.GPIOPadConfigSet) for GPIOPadConfigSet
    gpio.o(i.GPIOPinTypeOneWire) refers to gpio.o(i.GPIODirModeSet) for GPIODirModeSet
    gpio.o(i.GPIOPinTypeOneWire) refers to gpio.o(i.GPIOPadConfigSet) for GPIOPadConfigSet
    gpio.o(i.GPIOPinTypePWM) refers to gpio.o(i.GPIODirModeSet) for GPIODirModeSet
    gpio.o(i.GPIOPinTypePWM) refers to gpio.o(i.GPIOPadConfigSet) for GPIOPadConfigSet
    gpio.o(i.GPIOPinTypeQEI) refers to gpio.o(i.GPIODirModeSet) for GPIODirModeSet
    gpio.o(i.GPIOPinTypeQEI) refers to gpio.o(i.GPIOPadConfigSet) for GPIOPadConfigSet
    gpio.o(i.GPIOPinTypeSSI) refers to gpio.o(i.GPIODirModeSet) for GPIODirModeSet
    gpio.o(i.GPIOPinTypeSSI) refers to gpio.o(i.GPIOPadConfigSet) for GPIOPadConfigSet
    gpio.o(i.GPIOPinTypeTimer) refers to gpio.o(i.GPIODirModeSet) for GPIODirModeSet
    gpio.o(i.GPIOPinTypeTimer) refers to gpio.o(i.GPIOPadConfigSet) for GPIOPadConfigSet
    gpio.o(i.GPIOPinTypeTrace) refers to gpio.o(i.GPIODirModeSet) for GPIODirModeSet
    gpio.o(i.GPIOPinTypeTrace) refers to gpio.o(i.GPIOPadConfigSet) for GPIOPadConfigSet
    gpio.o(i.GPIOPinTypeUART) refers to gpio.o(i.GPIODirModeSet) for GPIODirModeSet
    gpio.o(i.GPIOPinTypeUART) refers to gpio.o(i.GPIOPadConfigSet) for GPIOPadConfigSet
    gpio.o(i.GPIOPinTypeUSBAnalog) refers to gpio.o(i.GPIODirModeSet) for GPIODirModeSet
    gpio.o(i.GPIOPinTypeUSBAnalog) refers to gpio.o(i.GPIOPadConfigSet) for GPIOPadConfigSet
    gpio.o(i.GPIOPinTypeUSBDigital) refers to gpio.o(i.GPIODirModeSet) for GPIODirModeSet
    gpio.o(i.GPIOPinTypeUSBDigital) refers to gpio.o(i.GPIOPadConfigSet) for GPIOPadConfigSet
    gpio.o(i.GPIOPinTypeWakeHigh) refers to gpio.o(i.GPIODirModeSet) for GPIODirModeSet
    gpio.o(i.GPIOPinTypeWakeHigh) refers to gpio.o(i.GPIOPadConfigSet) for GPIOPadConfigSet
    gpio.o(i.GPIOPinTypeWakeLow) refers to gpio.o(i.GPIODirModeSet) for GPIODirModeSet
    gpio.o(i.GPIOPinTypeWakeLow) refers to gpio.o(i.GPIOPadConfigSet) for GPIOPadConfigSet
    gpio.o(i._GPIOIntNumberGet) refers to gpio.o(.constdata) for .constdata
    interrupt.o(i.IntDisable) refers to interrupt.o(.constdata) for .constdata
    interrupt.o(i.IntEnable) refers to interrupt.o(.constdata) for .constdata
    interrupt.o(i.IntIsEnabled) refers to interrupt.o(.constdata) for .constdata
    interrupt.o(i.IntMasterDisable) refers to cpu.o(.emb_text) for CPUcpsid
    interrupt.o(i.IntMasterEnable) refers to cpu.o(.emb_text) for CPUcpsie
    interrupt.o(i.IntPendClear) refers to interrupt.o(.constdata) for .constdata
    interrupt.o(i.IntPendSet) refers to interrupt.o(.constdata) for .constdata
    interrupt.o(i.IntPriorityGet) refers to interrupt.o(.constdata) for .constdata
    interrupt.o(i.IntPriorityGroupingGet) refers to interrupt.o(.constdata) for .constdata
    interrupt.o(i.IntPriorityGroupingSet) refers to interrupt.o(.constdata) for .constdata
    interrupt.o(i.IntPriorityMaskGet) refers to cpu.o(.emb_text) for CPUbasepriGet
    interrupt.o(i.IntPriorityMaskSet) refers to cpu.o(.emb_text) for CPUbasepriSet
    interrupt.o(i.IntPrioritySet) refers to interrupt.o(.constdata) for .constdata
    interrupt.o(i.IntRegister) refers to interrupt.o(vtable) for vtable
    interrupt.o(i.IntUnregister) refers to interrupt.o(i._IntDefaultHandler) for _IntDefaultHandler
    interrupt.o(i.IntUnregister) refers to interrupt.o(vtable) for vtable
    sysctl.o(i.SysCtlClockFreqSet) refers to sysctl.o(.constdata) for .constdata
    sysctl.o(i.SysCtlClockGet) refers to sysctl.o(.constdata) for .constdata
    sysctl.o(i.SysCtlClockSet) refers to sysctl.o(.emb_text) for SysCtlDelay
    sysctl.o(i.SysCtlDeepSleep) refers to cpu.o(.emb_text) for CPUwfi
    sysctl.o(i.SysCtlIntRegister) refers to interrupt.o(i.IntRegister) for IntRegister
    sysctl.o(i.SysCtlIntRegister) refers to interrupt.o(i.IntEnable) for IntEnable
    sysctl.o(i.SysCtlIntUnregister) refers to interrupt.o(i.IntDisable) for IntDisable
    sysctl.o(i.SysCtlIntUnregister) refers to interrupt.o(i.IntUnregister) for IntUnregister
    sysctl.o(i.SysCtlSleep) refers to cpu.o(.emb_text) for CPUwfi
    sysctl.o(i.SysCtlVCOGet) refers to sysctl.o(.constdata) for .constdata
    timer.o(i.TimerIntRegister) refers to interrupt.o(i.IntRegister) for IntRegister
    timer.o(i.TimerIntRegister) refers to interrupt.o(i.IntEnable) for IntEnable
    timer.o(i.TimerIntRegister) refers to timer.o(.constdata) for .constdata
    timer.o(i.TimerIntUnregister) refers to interrupt.o(i.IntDisable) for IntDisable
    timer.o(i.TimerIntUnregister) refers to interrupt.o(i.IntUnregister) for IntUnregister
    timer.o(i.TimerIntUnregister) refers to timer.o(.constdata) for .constdata
    uart.o(i.UARTIntRegister) refers to interrupt.o(i.IntRegister) for IntRegister
    uart.o(i.UARTIntRegister) refers to interrupt.o(i.IntEnable) for IntEnable
    uart.o(i.UARTIntRegister) refers to uart.o(.constdata) for .constdata
    uart.o(i.UARTIntUnregister) refers to interrupt.o(i.IntDisable) for IntDisable
    uart.o(i.UARTIntUnregister) refers to interrupt.o(i.IntUnregister) for IntUnregister
    uart.o(i.UARTIntUnregister) refers to uart.o(.constdata) for .constdata
    entry.o(.ARM.Collect$$$$00000000) refers (Special) to entry10a.o(.ARM.Collect$$$$0000000D) for __rt_final_cpp
    entry.o(.ARM.Collect$$$$00000000) refers (Special) to entry11a.o(.ARM.Collect$$$$0000000F) for __rt_final_exit
    entry.o(.ARM.Collect$$$$00000000) refers (Special) to entry7b.o(.ARM.Collect$$$$00000008) for _main_clock
    entry.o(.ARM.Collect$$$$00000000) refers (Special) to entry8b.o(.ARM.Collect$$$$0000000A) for _main_cpp_init
    entry.o(.ARM.Collect$$$$00000000) refers (Special) to entry9a.o(.ARM.Collect$$$$0000000B) for _main_init
    entry.o(.ARM.Collect$$$$00000000) refers (Special) to entry5.o(.ARM.Collect$$$$00000004) for _main_scatterload
    entry.o(.ARM.Collect$$$$00000000) refers (Special) to entry2.o(.ARM.Collect$$$$00000001) for _main_stk
    ffixul.o(.text) refers (Special) to iusefp.o(.text) for __I$use$fp
    ffixul.o(.text) refers to llshl.o(.text) for __aeabi_llsl
    entry2.o(.ARM.Collect$$$$00000001) refers to entry2.o(.ARM.Collect$$$$00002712) for __lit__00000000
    entry2.o(.ARM.Collect$$$$00002712) refers to startup_rvmdk.o(STACK) for __initial_sp
    entry2.o(__vectab_stack_and_reset_area) refers to startup_rvmdk.o(STACK) for __initial_sp
    entry2.o(__vectab_stack_and_reset_area) refers to entry.o(.ARM.Collect$$$$00000000) for __main
    entry5.o(.ARM.Collect$$$$00000004) refers to init.o(.text) for __scatterload
    entry9a.o(.ARM.Collect$$$$0000000B) refers to main.o(i.main) for main
    entry9b.o(.ARM.Collect$$$$0000000C) refers to main.o(i.main) for main
    init.o(.text) refers to entry5.o(.ARM.Collect$$$$00000004) for __main_after_scatterload


==============================================================================

Removing Unused input sections from the image.

    Removing buttons.o(i.ButtonsInit), (100 bytes).
    Removing buttons.o(i.ButtonsPoll), (88 bytes).
    Removing buttons.o(.data), (3 bytes).
    Removing heap_2.o(i.vPortInitialiseBlocks), (2 bytes).
    Removing heap_2.o(i.xPortGetFreeHeapSize), (12 bytes).
    Removing led_task.o(i.LEDTask), (272 bytes).
    Removing led_task.o(i.LEDTaskInit), (192 bytes).
    Removing led_task.o(.bss), (12 bytes).
    Removing led_task.o(.data), (8 bytes).
    Removing port.o(i.vPortEndScheduler), (2 bytes).
    Removing queue.o(i.ucQueueGetQueueType), (6 bytes).
    Removing queue.o(i.uxQueueGetQueueNumber), (4 bytes).
    Removing queue.o(i.uxQueueMessagesWaiting), (18 bytes).
    Removing queue.o(i.uxQueueMessagesWaitingFromISR), (4 bytes).
    Removing queue.o(i.uxQueueSpacesAvailable), (22 bytes).
    Removing queue.o(i.vQueueAddToRegistry), (36 bytes).
    Removing queue.o(i.vQueueDelete), (18 bytes).
    Removing queue.o(i.vQueueSetQueueNumber), (4 bytes).
    Removing queue.o(i.vQueueUnregisterQueue), (36 bytes).
    Removing queue.o(i.xQueueGenericCreate), (72 bytes).
    Removing queue.o(i.xQueueGenericReset), (112 bytes).
    Removing queue.o(i.xQueueGenericSendFromISR), (96 bytes).
    Removing queue.o(i.xQueueGiveFromISR), (86 bytes).
    Removing queue.o(i.xQueueGiveMutexRecursive), (42 bytes).
    Removing queue.o(i.xQueueIsQueueEmptyFromISR), (12 bytes).
    Removing queue.o(i.xQueueIsQueueFullFromISR), (16 bytes).
    Removing queue.o(i.xQueuePeekFromISR), (44 bytes).
    Removing queue.o(i.xQueueReceiveFromISR), (88 bytes).
    Removing queue.o(i.xQueueTakeMutexRecursive), (50 bytes).
    Removing queue.o(.bss), (80 bytes).
    Removing rgb.o(i.RGBBlinkIntHandler), (56 bytes).
    Removing rgb.o(i.RGBBlinkRateSet), (120 bytes).
    Removing rgb.o(i.RGBColorGet), (24 bytes).
    Removing rgb.o(i.RGBColorSet), (144 bytes).
    Removing rgb.o(i.RGBDisable), (92 bytes).
    Removing rgb.o(i.RGBEnable), (172 bytes).
    Removing rgb.o(i.RGBInit), (208 bytes).
    Removing rgb.o(i.RGBIntensitySet), (20 bytes).
    Removing rgb.o(i.RGBSet), (30 bytes).
    Removing rgb.o(.bss), (12 bytes).
    Removing rgb.o(.data), (8 bytes).
    Removing startup_rvmdk.o(HEAP), (0 bytes).
    Removing startup_rvmdk.o(.text), (0 bytes).
    Removing switch_task.o(i.SwitchTask), (248 bytes).
    Removing switch_task.o(i.SwitchTaskInit), (76 bytes).
    Removing tasks.o(i.prvListTaskWithinSingleList), (126 bytes).
    Removing tasks.o(i.prvTaskCheckFreeStackSpace), (20 bytes).
    Removing tasks.o(i.prvTaskIsTaskSuspended), (32 bytes).
    Removing tasks.o(i.ulTaskNotifyTake), (156 bytes).
    Removing tasks.o(i.uxTaskGetNumberOfTasks), (12 bytes).
    Removing tasks.o(i.uxTaskGetStackHighWaterMark), (16 bytes).
    Removing tasks.o(i.uxTaskGetSystemState), (152 bytes).
    Removing tasks.o(i.uxTaskGetTaskNumber), (8 bytes).
    Removing tasks.o(i.uxTaskPriorityGet), (28 bytes).
    Removing tasks.o(i.uxTaskPriorityGetFromISR), (36 bytes).
    Removing tasks.o(i.uxTaskResetEventItemValue), (24 bytes).
    Removing tasks.o(i.vTaskDelay), (84 bytes).
    Removing tasks.o(i.vTaskDelete), (144 bytes).
    Removing tasks.o(i.vTaskEndScheduler), (28 bytes).
    Removing tasks.o(i.vTaskNotifyGiveFromISR), (132 bytes).
    Removing tasks.o(i.vTaskPlaceOnUnorderedEventList), (88 bytes).
    Removing tasks.o(i.vTaskPrioritySet), (180 bytes).
    Removing tasks.o(i.vTaskResume), (112 bytes).
    Removing tasks.o(i.vTaskSetTaskNumber), (8 bytes).
    Removing tasks.o(i.vTaskSuspend), (160 bytes).
    Removing tasks.o(i.xTaskGenericNotify), (164 bytes).
    Removing tasks.o(i.xTaskGenericNotifyFromISR), (184 bytes).
    Removing tasks.o(i.xTaskGetCurrentTaskHandle), (12 bytes).
    Removing tasks.o(i.xTaskGetTickCountFromISR), (12 bytes).
    Removing tasks.o(i.xTaskNotifyStateClear), (48 bytes).
    Removing tasks.o(i.xTaskNotifyWait), (184 bytes).
    Removing tasks.o(i.xTaskRemoveFromUnorderedEventList), (80 bytes).
    Removing tasks.o(i.xTaskResumeFromISR), (120 bytes).
    Removing uartstdio.o(i.UARTgetc), (24 bytes).
    Removing uartstdio.o(i.UARTgets), (132 bytes).
    Removing ustdlib.o(i.ucmptime), (82 bytes).
    Removing ustdlib.o(i.ulocaltime), (168 bytes).
    Removing ustdlib.o(i.umktime), (58 bytes).
    Removing ustdlib.o(i.urand), (28 bytes).
    Removing ustdlib.o(i.usnprintf), (18 bytes).
    Removing ustdlib.o(i.usprintf), (22 bytes).
    Removing ustdlib.o(i.usrand), (12 bytes).
    Removing ustdlib.o(i.ustrcasecmp), (8 bytes).
    Removing ustdlib.o(i.ustrcmp), (8 bytes).
    Removing ustdlib.o(i.ustrlen), (16 bytes).
    Removing ustdlib.o(i.ustrncasecmp), (70 bytes).
    Removing ustdlib.o(i.ustrncmp), (46 bytes).
    Removing ustdlib.o(i.ustrncpy), (34 bytes).
    Removing ustdlib.o(i.ustrstr), (42 bytes).
    Removing ustdlib.o(i.ustrtof), (320 bytes).
    Removing ustdlib.o(i.ustrtoul), (154 bytes).
    Removing ustdlib.o(i.uvsnprintf), (592 bytes).
    Removing ustdlib.o(.constdata), (76 bytes).
    Removing ustdlib.o(.conststring), (17 bytes).
    Removing ustdlib.o(.data), (4 bytes).
    Removing adc_task.o(.data), (4 bytes).
    Removing adc.o(i.ADCBusy), (8 bytes).
    Removing adc.o(i.ADCClockConfigGet), (32 bytes).
    Removing adc.o(i.ADCComparatorConfigure), (10 bytes).
    Removing adc.o(i.ADCComparatorIntClear), (4 bytes).
    Removing adc.o(i.ADCComparatorIntDisable), (18 bytes).
    Removing adc.o(i.ADCComparatorIntEnable), (16 bytes).
    Removing adc.o(i.ADCComparatorIntStatus), (4 bytes).
    Removing adc.o(i.ADCComparatorRegionSet), (14 bytes).
    Removing adc.o(i.ADCComparatorReset), (40 bytes).
    Removing adc.o(i.ADCHardwareOversampleConfigure), (18 bytes).
    Removing adc.o(i.ADCIntClearEx), (4 bytes).
    Removing adc.o(i.ADCIntDisable), (16 bytes).
    Removing adc.o(i.ADCIntDisableEx), (10 bytes).
    Removing adc.o(i.ADCIntEnableEx), (8 bytes).
    Removing adc.o(i.ADCIntStatus), (52 bytes).
    Removing adc.o(i.ADCIntStatusEx), (22 bytes).
    Removing adc.o(i.ADCIntUnregister), (108 bytes).
    Removing adc.o(i.ADCPhaseDelayGet), (4 bytes).
    Removing adc.o(i.ADCPhaseDelaySet), (4 bytes).
    Removing adc.o(i.ADCProcessorTrigger), (26 bytes).
    Removing adc.o(i.ADCReferenceGet), (8 bytes).
    Removing adc.o(i.ADCReferenceSet), (12 bytes).
    Removing adc.o(i.ADCSequenceDMADisable), (18 bytes).
    Removing adc.o(i.ADCSequenceDMAEnable), (16 bytes).
    Removing adc.o(i.ADCSequenceOverflow), (12 bytes).
    Removing adc.o(i.ADCSequenceOverflowClear), (10 bytes).
    Removing adc.o(i.ADCSequenceUnderflow), (12 bytes).
    Removing adc.o(i.ADCSequenceUnderflowClear), (10 bytes).
    Removing adc.o(i.ADCSoftwareOversampleConfigure), (44 bytes).
    Removing adc.o(i.ADCSoftwareOversampleDataGet), (88 bytes).
    Removing adc.o(i.ADCSoftwareOversampleStepConfigure), (168 bytes).
    Removing adc.o(.data), (6 bytes).
    Removing gpio.o(i.GPIOADCTriggerDisable), (14 bytes).
    Removing gpio.o(i.GPIOADCTriggerEnable), (12 bytes).
    Removing gpio.o(i.GPIODMATriggerDisable), (14 bytes).
    Removing gpio.o(i.GPIODMATriggerEnable), (12 bytes).
    Removing gpio.o(i.GPIODirModeGet), (34 bytes).
    Removing gpio.o(i.GPIOIntClear), (6 bytes).
    Removing gpio.o(i.GPIOIntDisable), (14 bytes).
    Removing gpio.o(i.GPIOIntEnable), (12 bytes).
    Removing gpio.o(i.GPIOIntRegister), (26 bytes).
    Removing gpio.o(i.GPIOIntRegisterPin), (30 bytes).
    Removing gpio.o(i.GPIOIntStatus), (14 bytes).
    Removing gpio.o(i.GPIOIntTypeGet), (68 bytes).
    Removing gpio.o(i.GPIOIntTypeSet), (80 bytes).
    Removing gpio.o(i.GPIOIntUnregister), (22 bytes).
    Removing gpio.o(i.GPIOIntUnregisterPin), (26 bytes).
    Removing gpio.o(i.GPIOPadConfigGet), (204 bytes).
    Removing gpio.o(i.GPIOPinConfigure), (68 bytes).
    Removing gpio.o(i.GPIOPinRead), (6 bytes).
    Removing gpio.o(i.GPIOPinTypeCAN), (28 bytes).
    Removing gpio.o(i.GPIOPinTypeComparator), (28 bytes).
    Removing gpio.o(i.GPIOPinTypeComparatorOutput), (28 bytes).
    Removing gpio.o(i.GPIOPinTypeDIVSCLK), (28 bytes).
    Removing gpio.o(i.GPIOPinTypeEPI), (28 bytes).
    Removing gpio.o(i.GPIOPinTypeEthernetLED), (28 bytes).
    Removing gpio.o(i.GPIOPinTypeEthernetMII), (28 bytes).
    Removing gpio.o(i.GPIOPinTypeGPIOInput), (28 bytes).
    Removing gpio.o(i.GPIOPinTypeGPIOOutput), (28 bytes).
    Removing gpio.o(i.GPIOPinTypeGPIOOutputOD), (28 bytes).
    Removing gpio.o(i.GPIOPinTypeHibernateRTCCLK), (28 bytes).
    Removing gpio.o(i.GPIOPinTypeI2C), (28 bytes).
    Removing gpio.o(i.GPIOPinTypeI2CSCL), (28 bytes).
    Removing gpio.o(i.GPIOPinTypeLCD), (28 bytes).
    Removing gpio.o(i.GPIOPinTypeOneWire), (28 bytes).
    Removing gpio.o(i.GPIOPinTypePWM), (28 bytes).
    Removing gpio.o(i.GPIOPinTypeQEI), (28 bytes).
    Removing gpio.o(i.GPIOPinTypeSSI), (28 bytes).
    Removing gpio.o(i.GPIOPinTypeTimer), (28 bytes).
    Removing gpio.o(i.GPIOPinTypeTrace), (28 bytes).
    Removing gpio.o(i.GPIOPinTypeUART), (28 bytes).
    Removing gpio.o(i.GPIOPinTypeUSBAnalog), (28 bytes).
    Removing gpio.o(i.GPIOPinTypeUSBDigital), (28 bytes).
    Removing gpio.o(i.GPIOPinTypeWakeHigh), (30 bytes).
    Removing gpio.o(i.GPIOPinTypeWakeLow), (30 bytes).
    Removing gpio.o(i.GPIOPinWakeStatus), (6 bytes).
    Removing gpio.o(i.GPIOPinWrite), (6 bytes).
    Removing gpio.o(i._GPIOIntNumberGet), (80 bytes).
    Removing gpio.o(.constdata), (552 bytes).
    Removing interrupt.o(i.IntDisable), (100 bytes).
    Removing interrupt.o(i.IntIsEnabled), (96 bytes).
    Removing interrupt.o(i.IntMasterDisable), (14 bytes).
    Removing interrupt.o(i.IntMasterEnable), (14 bytes).
    Removing interrupt.o(i.IntPendClear), (68 bytes).
    Removing interrupt.o(i.IntPendSet), (84 bytes).
    Removing interrupt.o(i.IntPriorityGet), (28 bytes).
    Removing interrupt.o(i.IntPriorityGroupingGet), (36 bytes).
    Removing interrupt.o(i.IntPriorityGroupingSet), (28 bytes).
    Removing interrupt.o(i.IntPriorityMaskGet), (4 bytes).
    Removing interrupt.o(i.IntPriorityMaskSet), (4 bytes).
    Removing interrupt.o(i.IntTrigger), (12 bytes).
    Removing interrupt.o(i.IntUnregister), (20 bytes).
    Removing interrupt.o(i._IntDefaultHandler), (2 bytes).
    Removing sysctl.o(.emb_text), (6 bytes).
    Removing sysctl.o(i.SysCtlAltClkConfig), (12 bytes).
    Removing sysctl.o(i.SysCtlClockFreqSet), (740 bytes).
    Removing sysctl.o(i.SysCtlClockOutConfig), (20 bytes).
    Removing sysctl.o(i.SysCtlClockSet), (288 bytes).
    Removing sysctl.o(i.SysCtlDeepSleep), (32 bytes).
    Removing sysctl.o(i.SysCtlDeepSleepClockConfigSet), (112 bytes).
    Removing sysctl.o(i.SysCtlDeepSleepClockSet), (12 bytes).
    Removing sysctl.o(i.SysCtlDeepSleepPowerSet), (12 bytes).
    Removing sysctl.o(i.SysCtlFlashSectorSizeGet), (56 bytes).
    Removing sysctl.o(i.SysCtlFlashSizeGet), (56 bytes).
    Removing sysctl.o(i.SysCtlGPIOAHBDisable), (28 bytes).
    Removing sysctl.o(i.SysCtlGPIOAHBEnable), (24 bytes).
    Removing sysctl.o(i.SysCtlIntClear), (12 bytes).
    Removing sysctl.o(i.SysCtlIntDisable), (16 bytes).
    Removing sysctl.o(i.SysCtlIntEnable), (16 bytes).
    Removing sysctl.o(i.SysCtlIntRegister), (20 bytes).
    Removing sysctl.o(i.SysCtlIntStatus), (16 bytes).
    Removing sysctl.o(i.SysCtlIntUnregister), (18 bytes).
    Removing sysctl.o(i.SysCtlLDODeepSleepGet), (12 bytes).
    Removing sysctl.o(i.SysCtlLDODeepSleepSet), (12 bytes).
    Removing sysctl.o(i.SysCtlLDOSleepGet), (12 bytes).
    Removing sysctl.o(i.SysCtlLDOSleepSet), (12 bytes).
    Removing sysctl.o(i.SysCtlMOSCConfigSet), (12 bytes).
    Removing sysctl.o(i.SysCtlNMIClear), (16 bytes).
    Removing sysctl.o(i.SysCtlNMIStatus), (12 bytes).
    Removing sysctl.o(i.SysCtlPIOSCCalibrate), (76 bytes).
    Removing sysctl.o(i.SysCtlPWMClockGet), (24 bytes).
    Removing sysctl.o(i.SysCtlPWMClockSet), (20 bytes).
    Removing sysctl.o(i.SysCtlPeripheralClockGating), (68 bytes).
    Removing sysctl.o(i.SysCtlPeripheralDeepSleepDisable), (40 bytes).
    Removing sysctl.o(i.SysCtlPeripheralDeepSleepEnable), (40 bytes).
    Removing sysctl.o(i.SysCtlPeripheralDisable), (40 bytes).
    Removing sysctl.o(i.SysCtlPeripheralPowerOff), (40 bytes).
    Removing sysctl.o(i.SysCtlPeripheralPowerOn), (40 bytes).
    Removing sysctl.o(i.SysCtlPeripheralPresent), (44 bytes).
    Removing sysctl.o(i.SysCtlPeripheralReady), (44 bytes).
    Removing sysctl.o(i.SysCtlPeripheralReset), (60 bytes).
    Removing sysctl.o(i.SysCtlPeripheralSleepDisable), (40 bytes).
    Removing sysctl.o(i.SysCtlPeripheralSleepEnable), (40 bytes).
    Removing sysctl.o(i.SysCtlReset), (16 bytes).
    Removing sysctl.o(i.SysCtlResetBehaviorGet), (12 bytes).
    Removing sysctl.o(i.SysCtlResetBehaviorSet), (12 bytes).
    Removing sysctl.o(i.SysCtlResetCauseClear), (16 bytes).
    Removing sysctl.o(i.SysCtlResetCauseGet), (12 bytes).
    Removing sysctl.o(i.SysCtlSRAMSizeGet), (16 bytes).
    Removing sysctl.o(i.SysCtlSleep), (4 bytes).
    Removing sysctl.o(i.SysCtlSleepPowerSet), (12 bytes).
    Removing sysctl.o(i.SysCtlUSBPLLDisable), (16 bytes).
    Removing sysctl.o(i.SysCtlUSBPLLEnable), (16 bytes).
    Removing sysctl.o(i.SysCtlVCOGet), (120 bytes).
    Removing sysctl.o(i.SysCtlVoltageEventClear), (16 bytes).
    Removing sysctl.o(i.SysCtlVoltageEventConfig), (12 bytes).
    Removing sysctl.o(i.SysCtlVoltageEventStatus), (12 bytes).
    Removing timer.o(i.TimerADCEventGet), (4 bytes).
    Removing timer.o(i.TimerADCEventSet), (4 bytes).
    Removing timer.o(i.TimerClockSourceGet), (6 bytes).
    Removing timer.o(i.TimerClockSourceSet), (6 bytes).
    Removing timer.o(i.TimerControlEvent), (18 bytes).
    Removing timer.o(i.TimerControlLevel), (22 bytes).
    Removing timer.o(i.TimerControlStall), (22 bytes).
    Removing timer.o(i.TimerControlWaitOnTrigger), (48 bytes).
    Removing timer.o(i.TimerDMAEventGet), (4 bytes).
    Removing timer.o(i.TimerDMAEventSet), (4 bytes).
    Removing timer.o(i.TimerIntClear), (4 bytes).
    Removing timer.o(i.TimerIntEnable), (8 bytes).
    Removing timer.o(i.TimerIntRegister), (104 bytes).
    Removing timer.o(i.TimerIntStatus), (10 bytes).
    Removing timer.o(i.TimerIntUnregister), (104 bytes).
    Removing timer.o(i.TimerLoadGet), (10 bytes).
    Removing timer.o(i.TimerLoadGet64), (14 bytes).
    Removing timer.o(i.TimerLoadSet64), (6 bytes).
    Removing timer.o(i.TimerMatchGet), (10 bytes).
    Removing timer.o(i.TimerMatchGet64), (14 bytes).
    Removing timer.o(i.TimerMatchSet), (18 bytes).
    Removing timer.o(i.TimerMatchSet64), (6 bytes).
    Removing timer.o(i.TimerPrescaleGet), (10 bytes).
    Removing timer.o(i.TimerPrescaleMatchGet), (10 bytes).
    Removing timer.o(i.TimerPrescaleMatchSet), (18 bytes).
    Removing timer.o(i.TimerPrescaleSet), (18 bytes).
    Removing timer.o(i.TimerRTCDisable), (10 bytes).
    Removing timer.o(i.TimerRTCEnable), (10 bytes).
    Removing timer.o(i.TimerSynchronize), (4 bytes).
    Removing timer.o(i.TimerUpdateMode), (42 bytes).
    Removing timer.o(i.TimerValueGet), (10 bytes).
    Removing timer.o(i.TimerValueGet64), (14 bytes).
    Removing timer.o(.constdata), (160 bytes).
    Removing uart.o(i.UART9BitAddrSend), (38 bytes).
    Removing uart.o(i.UART9BitAddrSet), (10 bytes).
    Removing uart.o(i.UART9BitDisable), (14 bytes).
    Removing uart.o(i.UART9BitEnable), (14 bytes).
    Removing uart.o(i.UARTBreakCtl), (18 bytes).
    Removing uart.o(i.UARTBusy), (8 bytes).
    Removing uart.o(i.UARTCharGet), (12 bytes).
    Removing uart.o(i.UARTCharGetNonBlocking), (16 bytes).
    Removing uart.o(i.UARTCharPut), (12 bytes).
    Removing uart.o(i.UARTCharPutNonBlocking), (16 bytes).
    Removing uart.o(i.UARTCharsAvail), (10 bytes).
    Removing uart.o(i.UARTClockSourceGet), (6 bytes).
    Removing uart.o(i.UARTConfigGetExpClk), (46 bytes).
    Removing uart.o(i.UARTConfigSetExpClk), (110 bytes).
    Removing uart.o(i.UARTDMADisable), (10 bytes).
    Removing uart.o(i.UARTDMAEnable), (8 bytes).
    Removing uart.o(i.UARTDisable), (30 bytes).
    Removing uart.o(i.UARTDisableSIR), (10 bytes).
    Removing uart.o(i.UARTEnable), (20 bytes).
    Removing uart.o(i.UARTEnableSIR), (18 bytes).
    Removing uart.o(i.UARTFIFODisable), (10 bytes).
    Removing uart.o(i.UARTFIFOEnable), (10 bytes).
    Removing uart.o(i.UARTFIFOLevelGet), (16 bytes).
    Removing uart.o(i.UARTFIFOLevelSet), (6 bytes).
    Removing uart.o(i.UARTFlowControlGet), (8 bytes).
    Removing uart.o(i.UARTFlowControlSet), (12 bytes).
    Removing uart.o(i.UARTIntClear), (4 bytes).
    Removing uart.o(i.UARTIntDisable), (10 bytes).
    Removing uart.o(i.UARTIntEnable), (8 bytes).
    Removing uart.o(i.UARTIntRegister), (88 bytes).
    Removing uart.o(i.UARTIntStatus), (10 bytes).
    Removing uart.o(i.UARTIntUnregister), (88 bytes).
    Removing uart.o(i.UARTLoopbackEnable), (10 bytes).
    Removing uart.o(i.UARTModemControlClear), (14 bytes).
    Removing uart.o(i.UARTModemControlGet), (8 bytes).
    Removing uart.o(i.UARTModemControlSet), (12 bytes).
    Removing uart.o(i.UARTModemStatusGet), (10 bytes).
    Removing uart.o(i.UARTParityModeGet), (8 bytes).
    Removing uart.o(i.UARTParityModeSet), (12 bytes).
    Removing uart.o(i.UARTRxErrorClear), (6 bytes).
    Removing uart.o(i.UARTRxErrorGet), (8 bytes).
    Removing uart.o(i.UARTSmartCardDisable), (10 bytes).
    Removing uart.o(i.UARTSmartCardEnable), (22 bytes).
    Removing uart.o(i.UARTSpaceAvail), (10 bytes).
    Removing uart.o(i.UARTTxIntModeGet), (8 bytes).
    Removing uart.o(i.UARTTxIntModeSet), (12 bytes).
    Removing uart.o(.constdata), (128 bytes).
    Removing cpu.o(.emb_text), (38 bytes).
    Removing ffixul.o(.text), (44 bytes).

325 unused section(s) (total 14674 bytes) removed from the image.

==============================================================================

Image Symbol Table

    Local Symbols

    Symbol Name                              Value     Ov Type        Size  Object(Section)

    RESET                                    0x00000000   Section      648  startup_rvmdk.o(RESET)
    ../clib/../cmprslib/zerorunl.c           0x00000000   Number         0  __dczerorl.o ABSOLUTE
    ../clib/microlib/init/entry.s            0x00000000   Number         0  entry5.o ABSOLUTE
    ../clib/microlib/init/entry.s            0x00000000   Number         0  entry11a.o ABSOLUTE
    ../clib/microlib/init/entry.s            0x00000000   Number         0  entry10b.o ABSOLUTE
    ../clib/microlib/init/entry.s            0x00000000   Number         0  entry10a.o ABSOLUTE
    ../clib/microlib/init/entry.s            0x00000000   Number         0  entry9b.o ABSOLUTE
    ../clib/microlib/init/entry.s            0x00000000   Number         0  entry9a.o ABSOLUTE
    ../clib/microlib/init/entry.s            0x00000000   Number         0  entry8b.o ABSOLUTE
    ../clib/microlib/init/entry.s            0x00000000   Number         0  entry8a.o ABSOLUTE
    ../clib/microlib/init/entry.s            0x00000000   Number         0  entry7b.o ABSOLUTE
    ../clib/microlib/init/entry.s            0x00000000   Number         0  entry7a.o ABSOLUTE
    ../clib/microlib/init/entry.s            0x00000000   Number         0  entry.o ABSOLUTE
    ../clib/microlib/init/entry.s            0x00000000   Number         0  entry11b.o ABSOLUTE
    ../clib/microlib/init/entry.s            0x00000000   Number         0  entry2.o ABSOLUTE
    ../clib/microlib/longlong.c              0x00000000   Number         0  llshl.o ABSOLUTE
    ../clib/microlib/string/memcpy.c         0x00000000   Number         0  memcpya.o ABSOLUTE
    ../clib/microlib/string/memcpy.c         0x00000000   Number         0  memcpyb.o ABSOLUTE
    ../clib/microlib/string/memset.c         0x00000000   Number         0  memseta.o ABSOLUTE
    ../clib/microlib/stubs.s                 0x00000000   Number         0  iusefp.o ABSOLUTE
    ../fplib/microlib/fpfix.c                0x00000000   Number         0  ffixul.o ABSOLUTE
    ..\\third_party\\FreeRTOS\\Source\\portable\\RVDS\\ARM_CM4F\\port.c 0x00000000   Number         0  port.o ABSOLUTE
    ..\drivers\buttons.c                     0x00000000   Number         0  buttons.o ABSOLUTE
    ..\drivers\rgb.c                         0x00000000   Number         0  rgb.o ABSOLUTE
    ..\third_party\FreeRTOS\Source\list.c    0x00000000   Number         0  list.o ABSOLUTE
    ..\third_party\FreeRTOS\Source\portable\MemMang\heap_2.c 0x00000000   Number         0  heap_2.o ABSOLUTE
    ..\third_party\FreeRTOS\Source\portable\RVDS\ARM_CM4F\port.c 0x00000000   Number         0  port.o ABSOLUTE
    ..\third_party\FreeRTOS\Source\queue.c   0x00000000   Number         0  queue.o ABSOLUTE
    ..\third_party\FreeRTOS\Source\tasks.c   0x00000000   Number         0  tasks.o ABSOLUTE
    ..\utils\uartstdio.c                     0x00000000   Number         0  uartstdio.o ABSOLUTE
    ..\utils\ustdlib.c                       0x00000000   Number         0  ustdlib.o ABSOLUTE
    adc.c                                    0x00000000   Number         0  adc.o ABSOLUTE
    adc_task.c                               0x00000000   Number         0  adc_task.o ABSOLUTE
    cpu.c                                    0x00000000   Number         0  cpu.o ABSOLUTE
    cpu.c                                    0x00000000   Number         0  cpu.o ABSOLUTE
    dc.s                                     0x00000000   Number         0  dc.o ABSOLUTE
    gpio.c                                   0x00000000   Number         0  gpio.o ABSOLUTE
    handlers.s                               0x00000000   Number         0  handlers.o ABSOLUTE
    init.s                                   0x00000000   Number         0  init.o ABSOLUTE
    interrupt.c                              0x00000000   Number         0  interrupt.o ABSOLUTE
    led_task.c                               0x00000000   Number         0  led_task.o ABSOLUTE
    main.c                                   0x00000000   Number         0  main.o ABSOLUTE
    startup_rvmdk.S                          0x00000000   Number         0  startup_rvmdk.o ABSOLUTE
    switch_task.c                            0x00000000   Number         0  switch_task.o ABSOLUTE
    sysctl.c                                 0x00000000   Number         0  sysctl.o ABSOLUTE
    sysctl.c                                 0x00000000   Number         0  sysctl.o ABSOLUTE
    timer.c                                  0x00000000   Number         0  timer.o ABSOLUTE
    uart.c                                   0x00000000   Number         0  uart.o ABSOLUTE
    $v0                                      0x0000026c   Number         0  startup_rvmdk.o(RESET)
    NmiSR                                    0x00000281   Thumb Code     0  startup_rvmdk.o(RESET)
    FaultISR                                 0x00000283   Thumb Code     0  startup_rvmdk.o(RESET)
    IntDefaultHandler                        0x00000285   Thumb Code     0  startup_rvmdk.o(RESET)
    .ARM.Collect$$$$00000000                 0x00000288   Section        0  entry.o(.ARM.Collect$$$$00000000)
    .ARM.Collect$$$$00000001                 0x00000288   Section        4  entry2.o(.ARM.Collect$$$$00000001)
    .ARM.Collect$$$$00000004                 0x0000028c   Section        4  entry5.o(.ARM.Collect$$$$00000004)
    .ARM.Collect$$$$00000008                 0x00000290   Section        0  entry7b.o(.ARM.Collect$$$$00000008)
    .ARM.Collect$$$$0000000A                 0x00000290   Section        0  entry8b.o(.ARM.Collect$$$$0000000A)
    .ARM.Collect$$$$0000000B                 0x00000290   Section        8  entry9a.o(.ARM.Collect$$$$0000000B)
    .ARM.Collect$$$$0000000D                 0x00000298   Section        0  entry10a.o(.ARM.Collect$$$$0000000D)
    .ARM.Collect$$$$0000000F                 0x00000298   Section        0  entry11a.o(.ARM.Collect$$$$0000000F)
    .ARM.Collect$$$$00002712                 0x00000298   Section        4  entry2.o(.ARM.Collect$$$$00002712)
    __lit__00000000                          0x00000298   Data           4  entry2.o(.ARM.Collect$$$$00002712)
    .emb_text                                0x0000029c   Section      182  port.o(.emb_text)
    $v0                                      0x0000029c   Number         0  port.o(.emb_text)
    .text                                    0x00000352   Section        0  memcpya.o(.text)
    .text                                    0x00000376   Section        0  memseta.o(.text)
    .text                                    0x0000039c   Section       36  init.o(.text)
    .text                                    0x000003c0   Section        0  __dczerorl.o(.text)
    i.ADC0Seq2_Handler                       0x000003fc   Section        0  adc_task.o(i.ADC0Seq2_Handler)
    i.ADCClockConfigSet                      0x00000444   Section        0  adc.o(i.ADCClockConfigSet)
    i.ADCIntClear                            0x00000460   Section        0  adc.o(i.ADCIntClear)
    i.ADCIntEnable                           0x0000046a   Section        0  adc.o(i.ADCIntEnable)
    i.ADCIntRegister                         0x0000047c   Section        0  adc.o(i.ADCIntRegister)
    i.ADCSequenceConfigure                   0x000004e4   Section        0  adc.o(i.ADCSequenceConfigure)
    i.ADCSequenceDataGet                     0x00000544   Section        0  adc.o(i.ADCSequenceDataGet)
    i.ADCSequenceDisable                     0x00000568   Section        0  adc.o(i.ADCSequenceDisable)
    i.ADCSequenceEnable                      0x00000578   Section        0  adc.o(i.ADCSequenceEnable)
    i.ADCSequenceStepConfigure               0x00000586   Section        0  adc.o(i.ADCSequenceStepConfigure)
    i.ADCTask                                0x00000620   Section        0  adc_task.o(i.ADCTask)
    ADCTask                                  0x00000621   Thumb Code    84  adc_task.o(i.ADCTask)
    i.ADCTaskInit                            0x000006b8   Section        0  adc_task.o(i.ADCTaskInit)
    i.ConfigureUART                          0x000007f8   Section        0  main.o(i.ConfigureUART)
    i.GPIODirModeSet                         0x00000854   Section        0  gpio.o(i.GPIODirModeSet)
    i.GPIOPadConfigSet                       0x0000087c   Section        0  gpio.o(i.GPIOPadConfigSet)
    i.GPIOPinTypeADC                         0x000009b4   Section        0  gpio.o(i.GPIOPinTypeADC)
    i.IntEnable                              0x000009d0   Section        0  interrupt.o(i.IntEnable)
    i.IntPrioritySet                         0x00000a34   Section        0  interrupt.o(i.IntPrioritySet)
    i.IntRegister                            0x00000a5c   Section        0  interrupt.o(i.IntRegister)
    i.Producer                               0x00000a90   Section        0  main.o(i.Producer)
    i.SysCtlClockGet                         0x00000a94   Section        0  sysctl.o(i.SysCtlClockGet)
    i.SysCtlPeripheralEnable                 0x00000be8   Section        0  sysctl.o(i.SysCtlPeripheralEnable)
    i.TimerConfigure                         0x00000c10   Section        0  timer.o(i.TimerConfigure)
    i.TimerControlTrigger                    0x00000c70   Section        0  timer.o(i.TimerControlTrigger)
    i.TimerDisable                           0x00000cc0   Section        0  timer.o(i.TimerDisable)
    i.TimerEnable                            0x00000cd0   Section        0  timer.o(i.TimerEnable)
    i.TimerIntDisable                        0x00000cde   Section        0  timer.o(i.TimerIntDisable)
    i.TimerLoadSet                           0x00000ce8   Section        0  timer.o(i.TimerLoadSet)
    i.UARTClockSourceSet                     0x00000cfa   Section        0  uart.o(i.UARTClockSourceSet)
    i.UARTStdioConfig                        0x00000d00   Section        0  uartstdio.o(i.UARTStdioConfig)
    i.UARTprintf                             0x00000d5c   Section        0  uartstdio.o(i.UARTprintf)
    i.UARTvprintf                            0x00000d70   Section        0  uartstdio.o(i.UARTvprintf)
    i.UARTwrite                              0x00000f24   Section        0  uartstdio.o(i.UARTwrite)
    i.__scatterload_copy                     0x00000f60   Section       14  handlers.o(i.__scatterload_copy)
    i.__scatterload_null                     0x00000f6e   Section        2  handlers.o(i.__scatterload_null)
    i.__scatterload_zeroinit                 0x00000f70   Section       14  handlers.o(i.__scatterload_zeroinit)
    i.main                                   0x00000f80   Section        0  main.o(i.main)
    i.prvAddCurrentTaskToDelayedList         0x00001048   Section        0  tasks.o(i.prvAddCurrentTaskToDelayedList)
    prvAddCurrentTaskToDelayedList           0x00001049   Thumb Code    48  tasks.o(i.prvAddCurrentTaskToDelayedList)
    i.prvCheckTasksWaitingTermination        0x0000107c   Section        0  tasks.o(i.prvCheckTasksWaitingTermination)
    prvCheckTasksWaitingTermination          0x0000107d   Thumb Code    80  tasks.o(i.prvCheckTasksWaitingTermination)
    i.prvCopyDataFromQueue                   0x000010d4   Section        0  queue.o(i.prvCopyDataFromQueue)
    prvCopyDataFromQueue                     0x000010d5   Thumb Code    38  queue.o(i.prvCopyDataFromQueue)
    i.prvCopyDataToQueue                     0x000010fa   Section        0  queue.o(i.prvCopyDataToQueue)
    prvCopyDataToQueue                       0x000010fb   Thumb Code   110  queue.o(i.prvCopyDataToQueue)
    i.prvIdleTask                            0x00001168   Section        0  tasks.o(i.prvIdleTask)
    prvIdleTask                              0x00001169   Thumb Code     6  tasks.o(i.prvIdleTask)
    i.prvResetNextTaskUnblockTime            0x00001170   Section        0  tasks.o(i.prvResetNextTaskUnblockTime)
    prvResetNextTaskUnblockTime              0x00001171   Thumb Code    26  tasks.o(i.prvResetNextTaskUnblockTime)
    i.prvTaskExitError                       0x00001190   Section        0  port.o(i.prvTaskExitError)
    prvTaskExitError                         0x00001191   Thumb Code    16  port.o(i.prvTaskExitError)
    i.prvUnlockQueue                         0x000011a0   Section        0  queue.o(i.prvUnlockQueue)
    prvUnlockQueue                           0x000011a1   Thumb Code   100  queue.o(i.prvUnlockQueue)
    i.pvPortMalloc                           0x00001204   Section        0  heap_2.o(i.pvPortMalloc)
    i.pvTaskIncrementMutexHeldCount          0x000012b8   Section        0  tasks.o(i.pvTaskIncrementMutexHeldCount)
    i.pxPortInitialiseStack                  0x000012d0   Section        0  port.o(i.pxPortInitialiseStack)
    i.uxListRemove                           0x000012f8   Section        0  list.o(i.uxListRemove)
    i.vApplicationStackOverflowHook          0x0000131c   Section        0  main.o(i.vApplicationStackOverflowHook)
    i.vListInitialise                        0x0000131e   Section        0  list.o(i.vListInitialise)
    i.vListInitialiseItem                    0x00001334   Section        0  list.o(i.vListInitialiseItem)
    i.vListInsert                            0x0000133a   Section        0  list.o(i.vListInsert)
    i.vListInsertEnd                         0x0000136a   Section        0  list.o(i.vListInsertEnd)
    i.vPortEnterCritical                     0x00001384   Section        0  port.o(i.vPortEnterCritical)
    i.vPortExitCritical                      0x000013a0   Section        0  port.o(i.vPortExitCritical)
    i.vPortFree                              0x000013b4   Section        0  heap_2.o(i.vPortFree)
    i.vPortSetupTimerInterrupt               0x000013f0   Section        0  port.o(i.vPortSetupTimerInterrupt)
    i.vTaskDelayUntil                        0x00001400   Section        0  tasks.o(i.vTaskDelayUntil)
    i.vTaskMissedYield                       0x00001470   Section        0  tasks.o(i.vTaskMissedYield)
    i.vTaskPlaceOnEventList                  0x0000147c   Section        0  tasks.o(i.vTaskPlaceOnEventList)
    i.vTaskPriorityInherit                   0x000014cc   Section        0  tasks.o(i.vTaskPriorityInherit)
    i.vTaskSetTimeOutState                   0x00001550   Section        0  tasks.o(i.vTaskSetTimeOutState)
    i.vTaskStartScheduler                    0x00001560   Section        0  tasks.o(i.vTaskStartScheduler)
    i.vTaskSuspendAll                        0x000015b4   Section        0  tasks.o(i.vTaskSuspendAll)
    i.vTaskSwitchContext                     0x000015c4   Section        0  tasks.o(i.vTaskSwitchContext)
    i.xPortStartScheduler                    0x00001634   Section        0  port.o(i.xPortStartScheduler)
    i.xPortSysTickHandler                    0x00001674   Section        0  port.o(i.xPortSysTickHandler)
    i.xQueueCreateMutex                      0x000016a0   Section        0  queue.o(i.xQueueCreateMutex)
    i.xQueueGenericReceive                   0x000016ec   Section        0  queue.o(i.xQueueGenericReceive)
    i.xQueueGenericSend                      0x00001818   Section        0  queue.o(i.xQueueGenericSend)
    i.xTaskCheckForTimeOut                   0x00001918   Section        0  tasks.o(i.xTaskCheckForTimeOut)
    i.xTaskGenericCreate                     0x00001960   Section        0  tasks.o(i.xTaskGenericCreate)
    i.xTaskGetTickCount                      0x00001ae8   Section        0  tasks.o(i.xTaskGetTickCount)
    i.xTaskIncrementTick                     0x00001af4   Section        0  tasks.o(i.xTaskIncrementTick)
    i.xTaskPriorityDisinherit                0x00001ba8   Section        0  tasks.o(i.xTaskPriorityDisinherit)
    i.xTaskRemoveFromEventList               0x00001c18   Section        0  tasks.o(i.xTaskRemoveFromEventList)
    i.xTaskResumeAll                         0x00001c7c   Section        0  tasks.o(i.xTaskResumeAll)
    .constdata                               0x00001d2c   Section       92  main.o(.constdata)
    .constdata                               0x00001d88   Section       28  uartstdio.o(.constdata)
    g_pcHex                                  0x00001d88   Data           4  uartstdio.o(.constdata)
    g_ui32UARTBase                           0x00001d8c   Data          12  uartstdio.o(.constdata)
    g_ui32UARTPeriph                         0x00001d98   Data          12  uartstdio.o(.constdata)
    .constdata                               0x00001da4   Section       73  adc_task.o(.constdata)
    .constdata                               0x00001df0   Section      268  interrupt.o(.constdata)
    g_pui32Priority                          0x00001df0   Data          32  interrupt.o(.constdata)
    g_pui32Regs                              0x00001e10   Data         156  interrupt.o(.constdata)
    g_pui32EnRegs                            0x00001eac   Data          20  interrupt.o(.constdata)
    g_pui32Dii16Regs                         0x00001ec0   Data          20  interrupt.o(.constdata)
    g_pui32PendRegs                          0x00001ed4   Data          20  interrupt.o(.constdata)
    g_pui32UnpendRegs                        0x00001ee8   Data          20  interrupt.o(.constdata)
    .constdata                               0x00001efc   Section      596  sysctl.o(.constdata)
    g_pui32VCOFrequencies                    0x00001efc   Data           8  sysctl.o(.constdata)
    g_pui32Xtals                             0x00001f04   Data         108  sysctl.o(.constdata)
    g_pppui32XTALtoVCO                       0x00001f70   Data         432  sysctl.o(.constdata)
    g_sXTALtoMEMTIM                          0x00002120   Data          48  sysctl.o(.constdata)
    .conststring                             0x00002150   Section       17  uartstdio.o(.conststring)
    .data                                    0x20000000   Section        4  main.o(.data)
    .data                                    0x20000004   Section       24  heap_2.o(.data)
    xFreeBytesRemaining                      0x20000004   Data           4  heap_2.o(.data)
    xHeapHasBeenInitialised                  0x20000008   Data           4  heap_2.o(.data)
    xStart                                   0x2000000c   Data           8  heap_2.o(.data)
    xEnd                                     0x20000014   Data           8  heap_2.o(.data)
    .data                                    0x2000001c   Section        4  port.o(.data)
    uxCriticalNesting                        0x2000001c   Data           4  port.o(.data)
    .data                                    0x20000020   Section       56  tasks.o(.data)
    uxTasksDeleted                           0x20000024   Data           4  tasks.o(.data)
    uxCurrentNumberOfTasks                   0x20000028   Data           4  tasks.o(.data)
    xTickCount                               0x2000002c   Data           4  tasks.o(.data)
    uxTopReadyPriority                       0x20000030   Data           4  tasks.o(.data)
    xSchedulerRunning                        0x20000034   Data           4  tasks.o(.data)
    uxPendedTicks                            0x20000038   Data           4  tasks.o(.data)
    xYieldPending                            0x2000003c   Data           4  tasks.o(.data)
    xNumOfOverflows                          0x20000040   Data           4  tasks.o(.data)
    uxTaskNumber                             0x20000044   Data           4  tasks.o(.data)
    xNextTaskUnblockTime                     0x20000048   Data           4  tasks.o(.data)
    uxSchedulerSuspended                     0x2000004c   Data           4  tasks.o(.data)
    pxDelayedTaskList                        0x20000050   Data           4  tasks.o(.data)
    pxOverflowDelayedTaskList                0x20000054   Data           4  tasks.o(.data)
    .data                                    0x20000058   Section        8  uartstdio.o(.data)
    bLastWasCR                               0x20000058   Data           1  uartstdio.o(.data)
    g_ui32Base                               0x2000005c   Data           4  uartstdio.o(.data)
    .data                                    0x20000060   Section        4  adc_task.o(.data)
    vtable                                   0x20000400   Section      620  interrupt.o(vtable)
    g_pfnRAMVectors                          0x20000400   Data         620  interrupt.o(vtable)
    .bss                                     0x2000066c   Section    30000  heap_2.o(.bss)
    ucHeap                                   0x2000066c   Data       30000  heap_2.o(.bss)
    .bss                                     0x20007b9c   Section      420  tasks.o(.bss)
    pxReadyTasksLists                        0x20007b9c   Data         320  tasks.o(.bss)
    xDelayedTaskList1                        0x20007cdc   Data          20  tasks.o(.bss)
    xDelayedTaskList2                        0x20007cf0   Data          20  tasks.o(.bss)
    xPendingReadyList                        0x20007d04   Data          20  tasks.o(.bss)
    xTasksWaitingTermination                 0x20007d18   Data          20  tasks.o(.bss)
    xSuspendedTaskList                       0x20007d2c   Data          20  tasks.o(.bss)
    .bss                                     0x20007d40   Section       16  adc_task.o(.bss)
    STACK                                    0x20007d50   Section      512  startup_rvmdk.o(STACK)
    StackMem                                 0x20007d50   Data           0  startup_rvmdk.o(STACK)

    Global Symbols

    Symbol Name                              Value     Ov Type        Size  Object(Section)

    BuildAttributes$$THM_ISAv4$E$P$D$K$B$S$7EM$VFPi3$EXTD16$VFPS$VFMA$PE$A:L22UL41UL21$X:L11$S22US41US21$IEEE1$IW$USESV6$~STKCKD$USESV7$~SHL$OTIME$ROPI$EBA8$MICROLIB$REQ8$PRES8$EABIv2 0x00000000   Number         0  anon$$obj.o ABSOLUTE
    __ARM_use_no_argv                        0x00000000   Number         0  main.o ABSOLUTE
    __Vectors                                0x00000000   Data           0  startup_rvmdk.o(RESET)
    __cpp_initialize__aeabi_                  - Undefined Weak Reference
    __cxa_finalize                            - Undefined Weak Reference
    _clock_init                               - Undefined Weak Reference
    _microlib_exit                            - Undefined Weak Reference
    Reset_Handler                            0x0000026d   Thumb Code     0  startup_rvmdk.o(RESET)
    __main                                   0x00000289   Thumb Code     0  entry.o(.ARM.Collect$$$$00000000)
    _main_stk                                0x00000289   Thumb Code     0  entry2.o(.ARM.Collect$$$$00000001)
    _main_scatterload                        0x0000028d   Thumb Code     0  entry5.o(.ARM.Collect$$$$00000004)
    __main_after_scatterload                 0x00000291   Thumb Code     0  entry5.o(.ARM.Collect$$$$00000004)
    _main_clock                              0x00000291   Thumb Code     0  entry7b.o(.ARM.Collect$$$$00000008)
    _main_cpp_init                           0x00000291   Thumb Code     0  entry8b.o(.ARM.Collect$$$$0000000A)
    _main_init                               0x00000291   Thumb Code     0  entry9a.o(.ARM.Collect$$$$0000000B)
    __rt_final_cpp                           0x00000299   Thumb Code     0  entry10a.o(.ARM.Collect$$$$0000000D)
    __rt_final_exit                          0x00000299   Thumb Code     0  entry11a.o(.ARM.Collect$$$$0000000F)
    vPortSVCHandler                          0x0000029d   Thumb Code    28  port.o(.emb_text)
    __asm___6_port_c_39a90d8d__prvStartFirstTask 0x000002bd   Thumb Code    28  port.o(.emb_text)
    __asm___6_port_c_39a90d8d__prvEnableVFP  0x000002dd   Thumb Code    16  port.o(.emb_text)
    xPortPendSVHandler                       0x000002f1   Thumb Code    88  port.o(.emb_text)
    vPortGetIPSR                             0x0000034d   Thumb Code     6  port.o(.emb_text)
    __aeabi_memcpy                           0x00000353   Thumb Code    36  memcpya.o(.text)
    __aeabi_memcpy4                          0x00000353   Thumb Code     0  memcpya.o(.text)
    __aeabi_memcpy8                          0x00000353   Thumb Code     0  memcpya.o(.text)
    __aeabi_memset                           0x00000377   Thumb Code    14  memseta.o(.text)
    __aeabi_memset4                          0x00000377   Thumb Code     0  memseta.o(.text)
    __aeabi_memset8                          0x00000377   Thumb Code     0  memseta.o(.text)
    __aeabi_memclr                           0x00000385   Thumb Code     4  memseta.o(.text)
    __aeabi_memclr4                          0x00000385   Thumb Code     0  memseta.o(.text)
    __aeabi_memclr8                          0x00000385   Thumb Code     0  memseta.o(.text)
    _memset$wrapper                          0x00000389   Thumb Code    18  memseta.o(.text)
    __scatterload                            0x0000039d   Thumb Code    28  init.o(.text)
    __scatterload_rt2                        0x0000039d   Thumb Code     0  init.o(.text)
    __decompress                             0x000003c1   Thumb Code     0  __dczerorl.o(.text)
    __decompress0                            0x000003c1   Thumb Code    58  __dczerorl.o(.text)
    ADC0Seq2_Handler                         0x000003fd   Thumb Code    62  adc_task.o(i.ADC0Seq2_Handler)
    ADCClockConfigSet                        0x00000445   Thumb Code    28  adc.o(i.ADCClockConfigSet)
    ADCIntClear                              0x00000461   Thumb Code    10  adc.o(i.ADCIntClear)
    ADCIntEnable                             0x0000046b   Thumb Code    16  adc.o(i.ADCIntEnable)
    ADCIntRegister                           0x0000047d   Thumb Code    92  adc.o(i.ADCIntRegister)
    ADCSequenceConfigure                     0x000004e5   Thumb Code    96  adc.o(i.ADCSequenceConfigure)
    ADCSequenceDataGet                       0x00000545   Thumb Code    36  adc.o(i.ADCSequenceDataGet)
    ADCSequenceDisable                       0x00000569   Thumb Code    16  adc.o(i.ADCSequenceDisable)
    ADCSequenceEnable                        0x00000579   Thumb Code    14  adc.o(i.ADCSequenceEnable)
    ADCSequenceStepConfigure                 0x00000587   Thumb Code   154  adc.o(i.ADCSequenceStepConfigure)
    ADCTaskInit                              0x000006b9   Thumb Code   266  adc_task.o(i.ADCTaskInit)
    ConfigureUART                            0x000007f9   Thumb Code    76  main.o(i.ConfigureUART)
    GPIODirModeSet                           0x00000855   Thumb Code    40  gpio.o(i.GPIODirModeSet)
    GPIOPadConfigSet                         0x0000087d   Thumb Code   312  gpio.o(i.GPIOPadConfigSet)
    GPIOPinTypeADC                           0x000009b5   Thumb Code    28  gpio.o(i.GPIOPinTypeADC)
    IntEnable                                0x000009d1   Thumb Code    92  interrupt.o(i.IntEnable)
    IntPrioritySet                           0x00000a35   Thumb Code    36  interrupt.o(i.IntPrioritySet)
    IntRegister                              0x00000a5d   Thumb Code    44  interrupt.o(i.IntRegister)
    Producer                                 0x00000a91   Thumb Code     2  main.o(i.Producer)
    SysCtlClockGet                           0x00000a95   Thumb Code   304  sysctl.o(i.SysCtlClockGet)
    SysCtlPeripheralEnable                   0x00000be9   Thumb Code    36  sysctl.o(i.SysCtlPeripheralEnable)
    TimerConfigure                           0x00000c11   Thumb Code    88  timer.o(i.TimerConfigure)
    TimerControlTrigger                      0x00000c71   Thumb Code    70  timer.o(i.TimerControlTrigger)
    TimerDisable                             0x00000cc1   Thumb Code    16  timer.o(i.TimerDisable)
    TimerEnable                              0x00000cd1   Thumb Code    14  timer.o(i.TimerEnable)
    TimerIntDisable                          0x00000cdf   Thumb Code    10  timer.o(i.TimerIntDisable)
    TimerLoadSet                             0x00000ce9   Thumb Code    18  timer.o(i.TimerLoadSet)
    UARTClockSourceSet                       0x00000cfb   Thumb Code     6  uart.o(i.UARTClockSourceSet)
    UARTStdioConfig                          0x00000d01   Thumb Code    82  uartstdio.o(i.UARTStdioConfig)
    UARTprintf                               0x00000d5d   Thumb Code    18  uartstdio.o(i.UARTprintf)
    UARTvprintf                              0x00000d71   Thumb Code   420  uartstdio.o(i.UARTvprintf)
    UARTwrite                                0x00000f25   Thumb Code    56  uartstdio.o(i.UARTwrite)
    __scatterload_copy                       0x00000f61   Thumb Code    14  handlers.o(i.__scatterload_copy)
    __scatterload_null                       0x00000f6f   Thumb Code     2  handlers.o(i.__scatterload_null)
    __scatterload_zeroinit                   0x00000f71   Thumb Code    14  handlers.o(i.__scatterload_zeroinit)
    main                                     0x00000f81   Thumb Code    66  main.o(i.main)
    pvPortMalloc                             0x00001205   Thumb Code   172  heap_2.o(i.pvPortMalloc)
    pvTaskIncrementMutexHeldCount            0x000012b9   Thumb Code    18  tasks.o(i.pvTaskIncrementMutexHeldCount)
    pxPortInitialiseStack                    0x000012d1   Thumb Code    36  port.o(i.pxPortInitialiseStack)
    uxListRemove                             0x000012f9   Thumb Code    36  list.o(i.uxListRemove)
    vApplicationStackOverflowHook            0x0000131d   Thumb Code     2  main.o(i.vApplicationStackOverflowHook)
    vListInitialise                          0x0000131f   Thumb Code    22  list.o(i.vListInitialise)
    vListInitialiseItem                      0x00001335   Thumb Code     6  list.o(i.vListInitialiseItem)
    vListInsert                              0x0000133b   Thumb Code    48  list.o(i.vListInsert)
    vListInsertEnd                           0x0000136b   Thumb Code    24  list.o(i.vListInsertEnd)
    vPortEnterCritical                       0x00001385   Thumb Code    24  port.o(i.vPortEnterCritical)
    vPortExitCritical                        0x000013a1   Thumb Code    16  port.o(i.vPortExitCritical)
    vPortFree                                0x000013b5   Thumb Code    56  heap_2.o(i.vPortFree)
    vPortSetupTimerInterrupt                 0x000013f1   Thumb Code    16  port.o(i.vPortSetupTimerInterrupt)
    vTaskDelayUntil                          0x00001401   Thumb Code   102  tasks.o(i.vTaskDelayUntil)
    vTaskMissedYield                         0x00001471   Thumb Code     8  tasks.o(i.vTaskMissedYield)
    vTaskPlaceOnEventList                    0x0000147d   Thumb Code    70  tasks.o(i.vTaskPlaceOnEventList)
    vTaskPriorityInherit                     0x000014cd   Thumb Code   124  tasks.o(i.vTaskPriorityInherit)
    vTaskSetTimeOutState                     0x00001551   Thumb Code    12  tasks.o(i.vTaskSetTimeOutState)
    vTaskStartScheduler                      0x00001561   Thumb Code    66  tasks.o(i.vTaskStartScheduler)
    vTaskSuspendAll                          0x000015b5   Thumb Code    10  tasks.o(i.vTaskSuspendAll)
    vTaskSwitchContext                       0x000015c5   Thumb Code   104  tasks.o(i.vTaskSwitchContext)
    xPortStartScheduler                      0x00001635   Thumb Code    52  port.o(i.xPortStartScheduler)
    xPortSysTickHandler                      0x00001675   Thumb Code    38  port.o(i.xPortSysTickHandler)
    xQueueCreateMutex                        0x000016a1   Thumb Code    74  queue.o(i.xQueueCreateMutex)
    xQueueGenericReceive                     0x000016ed   Thumb Code   296  queue.o(i.xQueueGenericReceive)
    xQueueGenericSend                        0x00001819   Thumb Code   252  queue.o(i.xQueueGenericSend)
    xTaskCheckForTimeOut                     0x00001919   Thumb Code    66  tasks.o(i.xTaskCheckForTimeOut)
    xTaskGenericCreate                       0x00001961   Thumb Code   376  tasks.o(i.xTaskGenericCreate)
    xTaskGetTickCount                        0x00001ae9   Thumb Code     6  tasks.o(i.xTaskGetTickCount)
    xTaskIncrementTick                       0x00001af5   Thumb Code   172  tasks.o(i.xTaskIncrementTick)
    xTaskPriorityDisinherit                  0x00001ba9   Thumb Code   102  tasks.o(i.xTaskPriorityDisinherit)
    xTaskRemoveFromEventList                 0x00001c19   Thumb Code    88  tasks.o(i.xTaskRemoveFromEventList)
    xTaskResumeAll                           0x00001c7d   Thumb Code   164  tasks.o(i.xTaskResumeAll)
    Region$$Table$$Base                      0x00002164   Number         0  anon$$obj.o(Region$$Table)
    Region$$Table$$Limit                     0x00002184   Number         0  anon$$obj.o(Region$$Table)
    g_pUARTSemaphore                         0x20000000   Data           4  main.o(.data)
    pxCurrentTCB                             0x20000020   Data           4  tasks.o(.data)
    ProducerTask                             0x20000060   Data           4  adc_task.o(.data)
    adcRawInput                              0x20007d40   Data          16  adc_task.o(.bss)
    __initial_sp                             0x20007f50   Data           0  startup_rvmdk.o(STACK)



==============================================================================

Memory Map of the image

  Image Entry point : 0x0000026d

  Load Region LR_IROM (Base: 0x00000000, Size: 0x000027f0, Max: 0x00040000, ABSOLUTE, COMPRESSED[0x0000219c])

    Execution Region ER_IROM (Base: 0x00000000, Size: 0x00002184, Max: 0x00040000, ABSOLUTE)

    Base Addr    Size         Type   Attr      Idx    E Section Name        Object

    0x00000000   0x00000288   Code   RO          564  * RESET               startup_rvmdk.o
    0x00000288   0x00000000   Code   RO         2697  * .ARM.Collect$$$$00000000  mc_w.l(entry.o)
    0x00000288   0x00000004   Code   RO         2708    .ARM.Collect$$$$00000001  mc_w.l(entry2.o)
    0x0000028c   0x00000004   Code   RO         2711    .ARM.Collect$$$$00000004  mc_w.l(entry5.o)
    0x00000290   0x00000000   Code   RO         2713    .ARM.Collect$$$$00000008  mc_w.l(entry7b.o)
    0x00000290   0x00000000   Code   RO         2715    .ARM.Collect$$$$0000000A  mc_w.l(entry8b.o)
    0x00000290   0x00000008   Code   RO         2716    .ARM.Collect$$$$0000000B  mc_w.l(entry9a.o)
    0x00000298   0x00000000   Code   RO         2718    .ARM.Collect$$$$0000000D  mc_w.l(entry10a.o)
    0x00000298   0x00000000   Code   RO         2720    .ARM.Collect$$$$0000000F  mc_w.l(entry11a.o)
    0x00000298   0x00000004   Code   RO         2709    .ARM.Collect$$$$00002712  mc_w.l(entry2.o)
    0x0000029c   0x000000b6   Code   RO          247    .emb_text           port.o
    0x00000352   0x00000024   Code   RO         2700    .text               mc_w.l(memcpya.o)
    0x00000376   0x00000024   Code   RO         2702    .text               mc_w.l(memseta.o)
    0x0000039a   0x00000002   PAD
    0x0000039c   0x00000024   Code   RO         2725    .text               mc_w.l(init.o)
    0x000003c0   0x0000003a   Code   RO         2735    .text               mc_w.l(__dczerorl.o)
    0x000003fa   0x00000002   PAD
    0x000003fc   0x00000048   Code   RO         1053    i.ADC0Seq2_Handler  adc_task.o
    0x00000444   0x0000001c   Code   RO         1103    i.ADCClockConfigSet  driverlib.lib(adc.o)
    0x00000460   0x0000000a   Code   RO         1112    i.ADCIntClear       driverlib.lib(adc.o)
    0x0000046a   0x00000010   Code   RO         1116    i.ADCIntEnable      driverlib.lib(adc.o)
    0x0000047a   0x00000002   PAD
    0x0000047c   0x00000068   Code   RO         1118    i.ADCIntRegister    driverlib.lib(adc.o)
    0x000004e4   0x00000060   Code   RO         1127    i.ADCSequenceConfigure  driverlib.lib(adc.o)
    0x00000544   0x00000024   Code   RO         1130    i.ADCSequenceDataGet  driverlib.lib(adc.o)
    0x00000568   0x00000010   Code   RO         1131    i.ADCSequenceDisable  driverlib.lib(adc.o)
    0x00000578   0x0000000e   Code   RO         1132    i.ADCSequenceEnable  driverlib.lib(adc.o)
    0x00000586   0x0000009a   Code   RO         1135    i.ADCSequenceStepConfigure  driverlib.lib(adc.o)
    0x00000620   0x00000098   Code   RO         1054    i.ADCTask           adc_task.o
    0x000006b8   0x00000140   Code   RO         1055    i.ADCTaskInit       adc_task.o
    0x000007f8   0x0000005c   Code   RO           56    i.ConfigureUART     main.o
    0x00000854   0x00000028   Code   RO         1384    i.GPIODirModeSet    driverlib.lib(gpio.o)
    0x0000087c   0x00000138   Code   RO         1396    i.GPIOPadConfigSet  driverlib.lib(gpio.o)
    0x000009b4   0x0000001c   Code   RO         1399    i.GPIOPinTypeADC    driverlib.lib(gpio.o)
    0x000009d0   0x00000064   Code   RO         1687    i.IntEnable         driverlib.lib(interrupt.o)
    0x00000a34   0x00000028   Code   RO         1698    i.IntPrioritySet    driverlib.lib(interrupt.o)
    0x00000a5c   0x00000034   Code   RO         1699    i.IntRegister       driverlib.lib(interrupt.o)
    0x00000a90   0x00000002   Code   RO           57    i.Producer          main.o
    0x00000a92   0x00000002   PAD
    0x00000a94   0x00000154   Code   RO         1805    i.SysCtlClockGet    driverlib.lib(sysctl.o)
    0x00000be8   0x00000028   Code   RO         1836    i.SysCtlPeripheralEnable  driverlib.lib(sysctl.o)
    0x00000c10   0x00000060   Code   RO         2154    i.TimerConfigure    driverlib.lib(timer.o)
    0x00000c70   0x00000050   Code   RO         2158    i.TimerControlTrigger  driverlib.lib(timer.o)
    0x00000cc0   0x00000010   Code   RO         2162    i.TimerDisable      driverlib.lib(timer.o)
    0x00000cd0   0x0000000e   Code   RO         2163    i.TimerEnable       driverlib.lib(timer.o)
    0x00000cde   0x0000000a   Code   RO         2165    i.TimerIntDisable   driverlib.lib(timer.o)
    0x00000ce8   0x00000012   Code   RO         2172    i.TimerLoadSet      driverlib.lib(timer.o)
    0x00000cfa   0x00000006   Code   RO         2404    i.UARTClockSourceSet  driverlib.lib(uart.o)
    0x00000d00   0x0000005c   Code   RO          885    i.UARTStdioConfig   uartstdio.o
    0x00000d5c   0x00000012   Code   RO          888    i.UARTprintf        uartstdio.o
    0x00000d6e   0x00000002   PAD
    0x00000d70   0x000001b4   Code   RO          889    i.UARTvprintf       uartstdio.o
    0x00000f24   0x0000003c   Code   RO          890    i.UARTwrite         uartstdio.o
    0x00000f60   0x0000000e   Code   RO         2729    i.__scatterload_copy  mc_w.l(handlers.o)
    0x00000f6e   0x00000002   Code   RO         2730    i.__scatterload_null  mc_w.l(handlers.o)
    0x00000f70   0x0000000e   Code   RO         2731    i.__scatterload_zeroinit  mc_w.l(handlers.o)
    0x00000f7e   0x00000002   PAD
    0x00000f80   0x000000c8   Code   RO           58    i.main              main.o
    0x00001048   0x00000034   Code   RO          589    i.prvAddCurrentTaskToDelayedList  tasks.o
    0x0000107c   0x00000058   Code   RO          590    i.prvCheckTasksWaitingTermination  tasks.o
    0x000010d4   0x00000026   Code   RO          316    i.prvCopyDataFromQueue  queue.o
    0x000010fa   0x0000006e   Code   RO          317    i.prvCopyDataToQueue  queue.o
    0x00001168   0x00000006   Code   RO          591    i.prvIdleTask       tasks.o
    0x0000116e   0x00000002   PAD
    0x00001170   0x00000020   Code   RO          593    i.prvResetNextTaskUnblockTime  tasks.o
    0x00001190   0x00000010   Code   RO          248    i.prvTaskExitError  port.o
    0x000011a0   0x00000064   Code   RO          318    i.prvUnlockQueue    queue.o
    0x00001204   0x000000b4   Code   RO          138    i.pvPortMalloc      heap_2.o
    0x000012b8   0x00000018   Code   RO          596    i.pvTaskIncrementMutexHeldCount  tasks.o
    0x000012d0   0x00000028   Code   RO          249    i.pxPortInitialiseStack  port.o
    0x000012f8   0x00000024   Code   RO          211    i.uxListRemove      list.o
    0x0000131c   0x00000002   Code   RO           59    i.vApplicationStackOverflowHook  main.o
    0x0000131e   0x00000016   Code   RO          212    i.vListInitialise   list.o
    0x00001334   0x00000006   Code   RO          213    i.vListInitialiseItem  list.o
    0x0000133a   0x00000030   Code   RO          214    i.vListInsert       list.o
    0x0000136a   0x00000018   Code   RO          215    i.vListInsertEnd    list.o
    0x00001382   0x00000002   PAD
    0x00001384   0x0000001c   Code   RO          251    i.vPortEnterCritical  port.o
    0x000013a0   0x00000014   Code   RO          252    i.vPortExitCritical  port.o
    0x000013b4   0x0000003c   Code   RO          139    i.vPortFree         heap_2.o
    0x000013f0   0x00000010   Code   RO          253    i.vPortSetupTimerInterrupt  port.o
    0x00001400   0x00000070   Code   RO          606    i.vTaskDelayUntil   tasks.o
    0x00001470   0x0000000c   Code   RO          609    i.vTaskMissedYield  tasks.o
    0x0000147c   0x00000050   Code   RO          611    i.vTaskPlaceOnEventList  tasks.o
    0x000014cc   0x00000084   Code   RO          613    i.vTaskPriorityInherit  tasks.o
    0x00001550   0x00000010   Code   RO          617    i.vTaskSetTimeOutState  tasks.o
    0x00001560   0x00000054   Code   RO          618    i.vTaskStartScheduler  tasks.o
    0x000015b4   0x00000010   Code   RO          620    i.vTaskSuspendAll   tasks.o
    0x000015c4   0x00000070   Code   RO          621    i.vTaskSwitchContext  tasks.o
    0x00001634   0x00000040   Code   RO          254    i.xPortStartScheduler  port.o
    0x00001674   0x0000002c   Code   RO          255    i.xPortSysTickHandler  port.o
    0x000016a0   0x0000004a   Code   RO          328    i.xQueueCreateMutex  queue.o
    0x000016ea   0x00000002   PAD
    0x000016ec   0x0000012c   Code   RO          330    i.xQueueGenericReceive  queue.o
    0x00001818   0x00000100   Code   RO          332    i.xQueueGenericSend  queue.o
    0x00001918   0x00000048   Code   RO          622    i.xTaskCheckForTimeOut  tasks.o
    0x00001960   0x00000188   Code   RO          623    i.xTaskGenericCreate  tasks.o
    0x00001ae8   0x0000000c   Code   RO          627    i.xTaskGetTickCount  tasks.o
    0x00001af4   0x000000b4   Code   RO          629    i.xTaskIncrementTick  tasks.o
    0x00001ba8   0x00000070   Code   RO          632    i.xTaskPriorityDisinherit  tasks.o
    0x00001c18   0x00000064   Code   RO          633    i.xTaskRemoveFromEventList  tasks.o
    0x00001c7c   0x000000b0   Code   RO          635    i.xTaskResumeAll    tasks.o
    0x00001d2c   0x0000005c   Data   RO           60    .constdata          main.o
    0x00001d88   0x0000001c   Data   RO          891    .constdata          uartstdio.o
    0x00001da4   0x00000049   Data   RO         1057    .constdata          adc_task.o
    0x00001ded   0x00000003   PAD
    0x00001df0   0x0000010c   Data   RO         1703    .constdata          driverlib.lib(interrupt.o)
    0x00001efc   0x00000254   Data   RO         1858    .constdata          driverlib.lib(sysctl.o)
    0x00002150   0x00000011   Data   RO          892    .conststring        uartstdio.o
    0x00002161   0x00000003   PAD
    0x00002164   0x00000020   Data   RO         2727    Region$$Table       anon$$obj.o


    Execution Region RW_IRAM (Base: 0x20000000, Size: 0x00007f50, Max: 0x00008000, ABSOLUTE, COMPRESSED[0x00000018])

    Base Addr    Size         Type   Attr      Idx    E Section Name        Object

    0x20000000   0x00000004   Data   RW           61    .data               main.o
    0x20000004   0x00000018   Data   RW          143    .data               heap_2.o
    0x2000001c   0x00000004   Data   RW          256    .data               port.o
    0x20000020   0x00000038   Data   RW          638    .data               tasks.o
    0x20000058   0x00000008   Data   RW          893    .data               uartstdio.o
    0x20000060   0x00000004   Data   RW         1059    .data               adc_task.o
    0x20000064   0x0000039c   PAD
    0x20000400   0x0000026c   Data   RW         1704    vtable              driverlib.lib(interrupt.o)
    0x2000066c   0x00007530   Zero   RW          142    .bss                heap_2.o
    0x20007b9c   0x000001a4   Zero   RW          637    .bss                tasks.o
    0x20007d40   0x00000010   Zero   RW         1056    .bss                adc_task.o
    0x20007d50   0x00000200   Zero   RW          562    STACK               startup_rvmdk.o


==============================================================================

Image component sizes


      Code (inc. data)   RO Data    RW Data    ZI Data      Debug   Object Name

       544        132         73          4         16       2831   adc_task.o
         0          0          0          0          0       4212   buttons.o
       240         12          0         24      30000       4451   heap_2.o
       136          0          0          0          0       3146   list.o
       296        150         92          4          0      19049   main.o
       410         46          0          4          0      15532   port.o
       878          8          0          0          0      14843   queue.o
       648        622          0          0        512        216   startup_rvmdk.o
      1810        162          0         56        420      17408   tasks.o
       606         30         45          8          0       4412   uartstdio.o

    ----------------------------------------------------------------------
      5578       1162        248       1024      30948      86100   Object Totals
         0          0         32          0          0          0   (incl. Generated)
        10          0          6        924          0          0   (incl. Padding)

    ----------------------------------------------------------------------

      Code (inc. data)   RO Data    RW Data    ZI Data      Debug   Library Member Name

       474         12          0          0          0       9250   adc.o
       380          0          0          0          0       2749   gpio.o
       192         20        268        620          0       2679   interrupt.o
       380         40        596          0          0       3150   sysctl.o
       234         18          0          0          0       3201   timer.o
         6          0          0          0          0        497   uart.o
        58          0          0          0          0          0   __dczerorl.o
         0          0          0          0          0          0   entry.o
         0          0          0          0          0          0   entry10a.o
         0          0          0          0          0          0   entry11a.o
         8          4          0          0          0          0   entry2.o
         4          0          0          0          0          0   entry5.o
         0          0          0          0          0          0   entry7b.o
         0          0          0          0          0          0   entry8b.o
         8          4          0          0          0          0   entry9a.o
        30          0          0          0          0          0   handlers.o
        36          8          0          0          0         68   init.o
        36          0          0          0          0         68   memcpya.o
        36          0          0          0          0        108   memseta.o

    ----------------------------------------------------------------------
      1890        106        864        620          0      21770   Library Totals
         8          0          0          0          0          0   (incl. Padding)

    ----------------------------------------------------------------------

      Code (inc. data)   RO Data    RW Data    ZI Data      Debug   Library Name

      1666         90        864        620          0      21526   driverlib.lib
       216         16          0          0          0        244   mc_w.l

    ----------------------------------------------------------------------
      1890        106        864        620          0      21770   Library Totals

    ----------------------------------------------------------------------

==============================================================================


      Code (inc. data)   RO Data    RW Data    ZI Data      Debug   

      7468       1268       1112       1644      30948     100918   Grand Totals
      7468       1268       1112         24      30948     100918   ELF Image Totals (compressed)
      7468       1268       1112         24          0          0   ROM Totals

==============================================================================

    Total RO  Size (Code + RO Data)                 8580 (   8.38kB)
    Total RW  Size (RW Data + ZI Data)             32592 (  31.83kB)
    Total ROM Size (Code + RO Data + RW Data)       8604 (   8.40kB)

==============================================================================

