<html>
<body>
<pre>
<h1>µVision Build Log</h1>
<h2>Project:</h2>
C:\Users\jiaha\Documents\santosoDesign\IPGES\Embedded\WiseControlSystem\freertos_demo.uvproj
Project File Date:  10/11/2017

<h2>Output:</h2>
Build target 'freertos_demo'
compiling main.c...
compiling adc_task.c...
linking...
Program Size: Code=7468 RO-data=1112 RW-data=1644 ZI-data=30948  
After Build - User command #1: fromelf --bin --output .\rvmdk\freertos_demo.bin .\rvmdk\freertos_demo.axf
".\rvmdk\freertos_demo.axf" - 0 Error(s), 0 Warning(s).
Load "C:\\Users\\jiaha\\Documents\\santosoDesign\\IPGES\\Embedded\\WiseControlSystem\\rvmdk\\freertos_demo.axf" 
Connecting: Mode=JTAG, Speed=1000000Hz
Erase Done.
Programming Done.
Verify OK.
ash Download failed  -  Target DLL has been cancelled
t open file
Error: Flash Download failed  -  Could not load file 'C:\Users\jiaha\Documents\santosoDesign\IPGES\Embedded\WiseControlSystem\rvmdk\freertos_demo.axf'
