<html>
<body>
<pre>
<h1>µVision Build Log</h1>
<h2>Project:</h2>
Z:\Box Sync\Keil\example\ADC+PWM Rev.G (timing_1)\ADCT0TriggerFourChan_4C123\ADCSWTrigger.uvproj
Project File Date:  03/09/2017

<h2>Output:</h2>
Build target 'ADCSWTrigger'
linking...
Program Size: Code=4764 RO-data=32 RW-data=88 ZI-data=1120  
".\ADCSWTrigger.axf" - 0 Error(s), 0 Warning(s).
Load "Z:\\Box Sync\\Keil\\example\\ADC+PWM Rev.G (timing_1)\\ADCT0TriggerFourChan_4C123\\ADCSWTrigger.axf" 
Connecting: Mode=JTAG, Speed=1000000Hz
Erase Done.
Programming Done.
Verify OK.
