<html>
<body>
<pre>
<h1>µVision Build Log</h1>
<h2>Project:</h2>
C:\Users\jiaha\Documents\santosoDesign\IPGES\Embedded\IPGESControlSystem\freertos_demo.uvproj
Project File Date:  10/16/2017

<h2>Output:</h2>
Build target 'freertos_demo'
compiling pwm_task.c...
linking...
Program Size: Code=8080 RO-data=1740 RW-data=1644 ZI-data=30948  
After Build - User command #1: fromelf --bin --output .\rvmdk\freertos_demo.bin .\rvmdk\freertos_demo.axf
".\rvmdk\freertos_demo.axf" - 0 Error(s), 0 Warning(s).
Load "C:\\Users\\jiaha\\Documents\\santosoDesign\\IPGES\\Embedded\\IPGESControlSystem\\rvmdk\\freertos_demo.axf" 
Connecting: Mode=JTAG, Speed=1000000Hz
Erase Done.
Programming Done.
Verify OK.
\\IPGES\\Embedded\\IPGESControlSystem\\rvmdk\\freertos_demo.axf" 
Connecting: Mode=JTAG, Speed=1000000Hz
Erase Done.
Programming Done.
Verify OK.
r(s), 4 Warning(s).
Target not created
s_demo.bin .\rvmdk\freertos_demo.axf
".\rvmdk\freertos_demo.axf" - 0 Error(s), 1 Warning(s).
